%!Adobe-FontList 1.11
%Locale:0x409

%BeginFont
Handler:DirectoryHandler
FontType:CMap
CMapName:78-EUC-H
Registry:Adobe
Ordering:Japan1
OutlineFileName:resource\CMap\78-EUC-H
FileLength:14865
FileModTime:1561141592
%EndFont

%BeginFont
Handler:DirectoryHandler
FontType:CMap
CMapName:78-EUC-V
Registry:Adobe
Ordering:Japan1
UseCMap:78-EUC-H
OutlineFileName:resource\CMap\78-EUC-V
FileLength:3291
FileModTime:1561141592
%EndFont

%BeginFont
Handler:DirectoryHandler
FontType:CMap
CMapName:78-H
Registry:Adobe
Ordering:Japan1
OutlineFileName:resource\CMap\78-H
FileLength:14742
FileModTime:1561141592
%EndFont

%BeginFont
Handler:DirectoryHandler
FontType:CMap
CMapName:78-RKSJ-H
Registry:Adobe
Ordering:Japan1
OutlineFileName:resource\CMap\78-RKSJ-H
FileLength:14896
FileModTime:1561141592
%EndFont

%BeginFont
Handler:DirectoryHandler
FontType:CMap
CMapName:78-RKSJ-V
Registry:Adobe
Ordering:Japan1
UseCMap:78-RKSJ-H
OutlineFileName:resource\CMap\78-RKSJ-V
FileLength:3297
FileModTime:1561141592
%EndFont

%BeginFont
Handler:DirectoryHandler
FontType:CMap
CMapName:78-V
Registry:Adobe
Ordering:Japan1
UseCMap:78-H
OutlineFileName:resource\CMap\78-V
FileLength:3267
FileModTime:1561141592
%EndFont

%BeginFont
Handler:DirectoryHandler
FontType:CMap
CMapName:78ms-RKSJ-H
Registry:Adobe
Ordering:Japan1
OutlineFileName:resource\CMap\78ms-RKSJ-H
FileLength:16569
FileModTime:1561141592
%EndFont

%BeginFont
Handler:DirectoryHandler
FontType:CMap
CMapName:78ms-RKSJ-V
Registry:Adobe
Ordering:Japan1
UseCMap:78ms-RKSJ-H
OutlineFileName:resource\CMap\78ms-RKSJ-V
FileLength:4278
FileModTime:1561141592
%EndFont

%BeginFont
Handler:DirectoryHandler
FontType:CMap
CMapName:83pv-RKSJ-H
Registry:Adobe
Ordering:Japan1
OutlineFileName:resource\CMap\83pv-RKSJ-H
FileLength:7149
FileModTime:1561141592
%EndFont

%BeginFont
Handler:DirectoryHandler
FontType:CMap
CMapName:90ms-RKSJ-H
Registry:Adobe
Ordering:Japan1
OutlineFileName:resource\CMap\90ms-RKSJ-H
FileLength:6139
FileModTime:1561141592
%EndFont

%BeginFont
Handler:DirectoryHandler
FontType:CMap
CMapName:90ms-RKSJ-UCS2
Registry:Adobe
Ordering:90ms_RKSJ_UCS2
OutlineFileName:resource\CMap\90ms-RKSJ-UCS2
FileLength:104726
FileModTime:1561141592
%EndFont

%BeginFont
Handler:DirectoryHandler
FontType:CMap
CMapName:90ms-RKSJ-V
Registry:Adobe
Ordering:Japan1
UseCMap:90ms-RKSJ-H
OutlineFileName:resource\CMap\90ms-RKSJ-V
FileLength:4298
FileModTime:1561141592
%EndFont

%BeginFont
Handler:DirectoryHandler
FontType:CMap
CMapName:90msp-RKSJ-H
Registry:Adobe
Ordering:Japan1
OutlineFileName:resource\CMap\90msp-RKSJ-H
FileLength:6070
FileModTime:1561141592
%EndFont

%BeginFont
Handler:DirectoryHandler
FontType:CMap
CMapName:90msp-RKSJ-V
Registry:Adobe
Ordering:Japan1
UseCMap:90msp-RKSJ-H
OutlineFileName:resource\CMap\90msp-RKSJ-V
FileLength:4281
FileModTime:1561141592
%EndFont

%BeginFont
Handler:DirectoryHandler
FontType:CMap
CMapName:90pv-RKSJ-H
Registry:Adobe
Ordering:Japan1
OutlineFileName:resource\CMap\90pv-RKSJ-H
FileLength:7884
FileModTime:1561141592
%EndFont

%BeginFont
Handler:DirectoryHandler
FontType:CMap
CMapName:90pv-RKSJ-UCS2
Registry:Adobe
Ordering:90pv_RKSJ_UCS2
UseCMap:90pv-RKSJ-UCS2C
OutlineFileName:resource\CMap\90pv-RKSJ-UCS2
FileLength:1787
FileModTime:1561141592
%EndFont

%BeginFont
Handler:DirectoryHandler
FontType:CMap
CMapName:90pv-RKSJ-UCS2C
Registry:Adobe
Ordering:90pv_RKSJ_UCS2C
OutlineFileName:resource\CMap\90pv-RKSJ-UCS2C
FileLength:95824
FileModTime:1561141592
%EndFont

%BeginFont
Handler:DirectoryHandler
FontType:CMap
CMapName:90pv-RKSJ-V
Registry:Adobe
Ordering:Japan1
UseCMap:90pv-RKSJ-H
OutlineFileName:resource\CMap\90pv-RKSJ-V
FileLength:3784
FileModTime:1561141592
%EndFont

%BeginFont
Handler:DirectoryHandler
FontType:CMap
CMapName:Add-H
Registry:Adobe
Ordering:Japan1
OutlineFileName:resource\CMap\Add-H
FileLength:14923
FileModTime:1561141592
%EndFont

%BeginFont
Handler:DirectoryHandler
FontType:CMap
CMapName:Add-RKSJ-H
Registry:Adobe
Ordering:Japan1
OutlineFileName:resource\CMap\Add-RKSJ-H
FileLength:15107
FileModTime:1561141592
%EndFont

%BeginFont
Handler:DirectoryHandler
FontType:CMap
CMapName:Add-RKSJ-V
Registry:Adobe
Ordering:Japan1
UseCMap:Add-RKSJ-H
OutlineFileName:resource\CMap\Add-RKSJ-V
FileLength:3892
FileModTime:1561141592
%EndFont

%BeginFont
Handler:DirectoryHandler
FontType:CMap
CMapName:Add-V
Registry:Adobe
Ordering:Japan1
UseCMap:Add-H
OutlineFileName:resource\CMap\Add-V
FileLength:3862
FileModTime:1561141592
%EndFont

%BeginFont
Handler:DirectoryHandler
FontType:CMap
CMapName:Adobe-CNS1-0
Registry:Adobe
Ordering:CNS1
OutlineFileName:resource\CMap\Adobe-CNS1-0
FileLength:3898
FileModTime:1561141592
%EndFont

%BeginFont
Handler:DirectoryHandler
FontType:CMap
CMapName:Adobe-CNS1-1
Registry:Adobe
Ordering:CNS1
OutlineFileName:resource\CMap\Adobe-CNS1-1
FileLength:4071
FileModTime:1561141592
%EndFont

%BeginFont
Handler:DirectoryHandler
FontType:CMap
CMapName:Adobe-CNS1-2
Registry:Adobe
Ordering:CNS1
OutlineFileName:resource\CMap\Adobe-CNS1-2
FileLength:4091
FileModTime:1561141592
%EndFont

%BeginFont
Handler:DirectoryHandler
FontType:CMap
CMapName:Adobe-CNS1-3
Registry:Adobe
Ordering:CNS1
OutlineFileName:resource\CMap\Adobe-CNS1-3
FileLength:4191
FileModTime:1561141592
%EndFont

%BeginFont
Handler:DirectoryHandler
FontType:CMap
CMapName:Adobe-CNS1-4
Registry:Adobe
Ordering:CNS1
OutlineFileName:resource\CMap\Adobe-CNS1-4
FileLength:4211
FileModTime:1561141592
%EndFont

%BeginFont
Handler:DirectoryHandler
FontType:CMap
CMapName:Adobe-CNS1-5
Registry:Adobe
Ordering:CNS1
OutlineFileName:resource\CMap\Adobe-CNS1-5
FileLength:4211
FileModTime:1561141592
%EndFont

%BeginFont
Handler:DirectoryHandler
FontType:CMap
CMapName:Adobe-CNS1-6
Registry:Adobe
Ordering:CNS1
OutlineFileName:resource\CMap\Adobe-CNS1-6
FileLength:4211
FileModTime:1561141592
%EndFont

%BeginFont
Handler:DirectoryHandler
FontType:CMap
CMapName:Adobe-CNS1-B5pc
Registry:Adobe
Ordering:Adobe_CNS1_B5pc
OutlineFileName:resource\CMap\Adobe-CNS1-B5pc
FileLength:7594
FileModTime:1561141592
%EndFont

%BeginFont
Handler:DirectoryHandler
FontType:CMap
CMapName:Adobe-CNS1-ETenms-B5
Registry:Adobe
Ordering:Adobe_CNS1_ETenms_B5
OutlineFileName:resource\CMap\Adobe-CNS1-ETen-B5
FileLength:7995
FileModTime:1561141592
%EndFont

%BeginFont
Handler:DirectoryHandler
FontType:CMap
CMapName:Adobe-CNS1-H-CID
Registry:Adobe
Ordering:Adobe_CNS1_H_CID
OutlineFileName:resource\CMap\Adobe-CNS1-H-CID
FileLength:1888
FileModTime:1561141592
%EndFont

%BeginFont
Handler:DirectoryHandler
FontType:CMap
CMapName:Adobe-CNS1-H-Host
Registry:Adobe
Ordering:Adobe_CNS1_H_Host
OutlineFileName:resource\CMap\Adobe-CNS1-H-Host
FileLength:8103
FileModTime:1561141592
%EndFont

%BeginFont
Handler:DirectoryHandler
FontType:CMap
CMapName:Adobe-CNS1-H-Mac
Registry:Adobe
Ordering:Adobe_CNS1_H_Mac
OutlineFileName:resource\CMap\Adobe-CNS1-H-Mac
FileLength:7659
FileModTime:1561141592
%EndFont

%BeginFont
Handler:DirectoryHandler
FontType:CMap
CMapName:Adobe-CNS1-UCS2
Registry:Adobe
Ordering:Adobe_CNS1_UCS2
OutlineFileName:resource\CMap\Adobe-CNS1-UCS2
FileLength:263610
FileModTime:1561141592
%EndFont

%BeginFont
Handler:DirectoryHandler
FontType:CMap
CMapName:Adobe-GB1-0
Registry:Adobe
Ordering:GB1
OutlineFileName:resource\CMap\Adobe-GB1-0
FileLength:3361
FileModTime:1561141592
%EndFont

%BeginFont
Handler:DirectoryHandler
FontType:CMap
CMapName:Adobe-GB1-1
Registry:Adobe
Ordering:GB1
OutlineFileName:resource\CMap\Adobe-GB1-1
FileLength:3515
FileModTime:1561141592
%EndFont

%BeginFont
Handler:DirectoryHandler
FontType:CMap
CMapName:Adobe-GB1-2
Registry:Adobe
Ordering:GB1
OutlineFileName:resource\CMap\Adobe-GB1-2
FileLength:4469
FileModTime:1561141592
%EndFont

%BeginFont
Handler:DirectoryHandler
FontType:CMap
CMapName:Adobe-GB1-3
Registry:Adobe
Ordering:GB1
OutlineFileName:resource\CMap\Adobe-GB1-3
FileLength:4468
FileModTime:1561141592
%EndFont

%BeginFont
Handler:DirectoryHandler
FontType:CMap
CMapName:Adobe-GB1-4
Registry:Adobe
Ordering:GB1
OutlineFileName:resource\CMap\Adobe-GB1-4
FileLength:5020
FileModTime:1561141592
%EndFont

%BeginFont
Handler:DirectoryHandler
FontType:CMap
CMapName:Adobe-GB1-5
Registry:Adobe
Ordering:GB1
OutlineFileName:resource\CMap\Adobe-GB1-5
FileLength:5120
FileModTime:1561141592
%EndFont

%BeginFont
Handler:DirectoryHandler
FontType:CMap
CMapName:Adobe-GB1-GBK-EUC
Registry:Adobe
Ordering:Adobe_GB1_GBK_EUC
OutlineFileName:resource\CMap\Adobe-GB1-GBK-EUC
FileLength:89504
FileModTime:1561141592
%EndFont

%BeginFont
Handler:DirectoryHandler
FontType:CMap
CMapName:Adobe-GB1-GBpc-EUC
Registry:Adobe
Ordering:Adobe_GB1_GBpc_EUC
OutlineFileName:resource\CMap\Adobe-GB1-GBpc-EUC
FileLength:4036
FileModTime:1561141592
%EndFont

%BeginFont
Handler:DirectoryHandler
FontType:CMap
CMapName:Adobe-GB1-H-CID
Registry:Adobe
Ordering:Adobe_GB1_H_CID
OutlineFileName:resource\CMap\Adobe-GB1-H-CID
FileLength:2003
FileModTime:1561141592
%EndFont

%BeginFont
Handler:DirectoryHandler
FontType:CMap
CMapName:Adobe-GB1-H-Host
Registry:Adobe
Ordering:Adobe_GB1_H_Host
OutlineFileName:resource\CMap\Adobe-GB1-H-Host
FileLength:90082
FileModTime:1561141592
%EndFont

%BeginFont
Handler:DirectoryHandler
FontType:CMap
CMapName:Adobe-GB1-H-Mac
Registry:Adobe
Ordering:Adobe_GB1_H_Mac
OutlineFileName:resource\CMap\Adobe-GB1-H-Mac
FileLength:4017
FileModTime:1561141592
%EndFont

%BeginFont
Handler:DirectoryHandler
FontType:CMap
CMapName:Adobe-GB1-UCS2
Registry:Adobe
Ordering:Adobe_GB1_UCS2
OutlineFileName:resource\CMap\Adobe-GB1-UCS2
FileLength:230377
FileModTime:1561141592
%EndFont

%BeginFont
Handler:DirectoryHandler
FontType:CMap
CMapName:Adobe-Japan1-0
Registry:Adobe
Ordering:Japan1
OutlineFileName:resource\CMap\Adobe-Japan1-0
FileLength:3410
FileModTime:1561141592
%EndFont

%BeginFont
Handler:DirectoryHandler
FontType:CMap
CMapName:Adobe-Japan1-1
Registry:Adobe
Ordering:Japan1
OutlineFileName:resource\CMap\Adobe-Japan1-1
FileLength:3411
FileModTime:1561141592
%EndFont

%BeginFont
Handler:DirectoryHandler
FontType:CMap
CMapName:Adobe-Japan1-2
Registry:Adobe
Ordering:Japan1
OutlineFileName:resource\CMap\Adobe-Japan1-2
FileLength:3449
FileModTime:1561141592
%EndFont

%BeginFont
Handler:DirectoryHandler
FontType:CMap
CMapName:Adobe-Japan1-3
Registry:Adobe
Ordering:Japan1
OutlineFileName:resource\CMap\Adobe-Japan1-3
FileLength:3459
FileModTime:1561141592
%EndFont

%BeginFont
Handler:DirectoryHandler
FontType:CMap
CMapName:Adobe-Japan1-4
Registry:Adobe
Ordering:Japan1
OutlineFileName:resource\CMap\Adobe-Japan1-4
FileLength:3937
FileModTime:1561141592
%EndFont

%BeginFont
Handler:DirectoryHandler
FontType:CMap
CMapName:Adobe-Japan1-5
Registry:Adobe
Ordering:Japan1
OutlineFileName:resource\CMap\Adobe-Japan1-5
FileLength:4317
FileModTime:1561141592
%EndFont

%BeginFont
Handler:DirectoryHandler
FontType:CMap
CMapName:Adobe-Japan1-6
Registry:Adobe
Ordering:Japan1
OutlineFileName:resource\CMap\Adobe-Japan1-6
FileLength:4537
FileModTime:1561141592
%EndFont

%BeginFont
Handler:DirectoryHandler
FontType:CMap
CMapName:Adobe-Japan1-90ms-RKSJ
Registry:Adobe
Ordering:Adobe_Japan1_90ms_RKSJ
OutlineFileName:resource\CMap\Adobe-Japan1-90ms-RKSJ
FileLength:6069
FileModTime:1561141592
%EndFont

%BeginFont
Handler:DirectoryHandler
FontType:CMap
CMapName:Adobe-Japan1-90pv-RKSJ
Registry:Adobe
Ordering:Adobe_Japan1_90pv_RKSJ
OutlineFileName:resource\CMap\Adobe-Japan1-90pv-RKSJ
FileLength:8060
FileModTime:1561141592
%EndFont

%BeginFont
Handler:DirectoryHandler
FontType:CMap
CMapName:Adobe-Japan1-H-CID
Registry:Adobe
Ordering:Adobe_Japan1_H_CID
OutlineFileName:resource\CMap\Adobe-Japan1-H-CID
FileLength:2187
FileModTime:1561141592
%EndFont

%BeginFont
Handler:DirectoryHandler
FontType:CMap
CMapName:Adobe-Japan1-H-Host
Registry:Adobe
Ordering:Adobe_Japan1_H_Host
OutlineFileName:resource\CMap\Adobe-Japan1-H-Host
FileLength:6320
FileModTime:1561141592
%EndFont

%BeginFont
Handler:DirectoryHandler
FontType:CMap
CMapName:Adobe-Japan1-H-Mac
Registry:Adobe
Ordering:Adobe_Japan1_H_Mac
OutlineFileName:resource\CMap\Adobe-Japan1-H-Mac
FileLength:5246
FileModTime:1561141592
%EndFont

%BeginFont
Handler:DirectoryHandler
FontType:CMap
CMapName:Adobe-Japan1-PS-H
Registry:Adobe
Ordering:Adobe_Japan1_PS_H
OutlineFileName:resource\CMap\Adobe-Japan1-PS-H
FileLength:21967
FileModTime:1561141592
%EndFont

%BeginFont
Handler:DirectoryHandler
FontType:CMap
CMapName:Adobe-Japan1-PS-V
Registry:Adobe
Ordering:Adobe_Japan1_PS_V
OutlineFileName:resource\CMap\Adobe-Japan1-PS-V
FileLength:12747
FileModTime:1561141592
%EndFont

%BeginFont
Handler:DirectoryHandler
FontType:CMap
CMapName:Adobe-Japan1-UCS2
Registry:Adobe
Ordering:Adobe_Japan1_UCS2
OutlineFileName:resource\CMap\Adobe-Japan1-UCS2
FileLength:282588
FileModTime:1561141592
%EndFont

%BeginFont
Handler:DirectoryHandler
FontType:CMap
CMapName:Adobe-Japan2-0
Registry:Adobe
Ordering:Japan2
OutlineFileName:resource\CMap\Adobe-Japan2-0
FileLength:3237
FileModTime:1561141592
%EndFont

%BeginFont
Handler:DirectoryHandler
FontType:CMap
CMapName:Adobe-Korea1-0
Registry:Adobe
Ordering:Korea1
OutlineFileName:resource\CMap\Adobe-Korea1-0
FileLength:3502
FileModTime:1561141592
%EndFont

%BeginFont
Handler:DirectoryHandler
FontType:CMap
CMapName:Adobe-Korea1-1
Registry:Adobe
Ordering:Korea1
OutlineFileName:resource\CMap\Adobe-Korea1-1
FileLength:4158
FileModTime:1561141592
%EndFont

%BeginFont
Handler:DirectoryHandler
FontType:CMap
CMapName:Adobe-Korea1-2
Registry:Adobe
Ordering:Korea1
OutlineFileName:resource\CMap\Adobe-Korea1-2
FileLength:4157
FileModTime:1561141592
%EndFont

%BeginFont
Handler:DirectoryHandler
FontType:CMap
CMapName:Adobe-Korea1-H-CID
Registry:Adobe
Ordering:Adobe_Korea1_H_CID
OutlineFileName:resource\CMap\Adobe-Korea1-H-CID
FileLength:1572
FileModTime:1561141592
%EndFont

%BeginFont
Handler:DirectoryHandler
FontType:CMap
CMapName:Adobe-Korea1-H-Host
Registry:Adobe
Ordering:Adobe_Korea1_H_Host
OutlineFileName:resource\CMap\Adobe-Korea1-H-Host
FileLength:15333
FileModTime:1561141592
%EndFont

%BeginFont
Handler:DirectoryHandler
FontType:CMap
CMapName:Adobe-Korea1-H-Mac
Registry:Adobe
Ordering:Adobe_Korea1_H_Mac
OutlineFileName:resource\CMap\Adobe-Korea1-H-Mac
FileLength:10901
FileModTime:1561141592
%EndFont

%BeginFont
Handler:DirectoryHandler
FontType:CMap
CMapName:Adobe-Korea1-KSCms-UHC
Registry:Adobe
Ordering:Adobe_Korea1_KSCms_UHC
OutlineFileName:resource\CMap\Adobe-Korea1-KSCms-UHC
FileLength:15138
FileModTime:1561141592
%EndFont

%BeginFont
Handler:DirectoryHandler
FontType:CMap
CMapName:Adobe-Korea1-KSCpc-EUC
Registry:Adobe
Ordering:Adobe_Korea1_KSCpc_EUC
OutlineFileName:resource\CMap\Adobe-Korea1-KSCpc-EUC
FileLength:10985
FileModTime:1561141592
%EndFont

%BeginFont
Handler:DirectoryHandler
FontType:CMap
CMapName:Adobe-Korea1-UCS2
Registry:Adobe
Ordering:Adobe_Korea1_UCS2
OutlineFileName:resource\CMap\Adobe-Korea1-UCS2
FileLength:145344
FileModTime:1561141592
%EndFont

%BeginFont
Handler:DirectoryHandler
FontType:CMap
CMapName:B5-H
Registry:Adobe
Ordering:CNS1
OutlineFileName:resource\CMap\B5-H
FileLength:7562
FileModTime:1561141592
%EndFont

%BeginFont
Handler:DirectoryHandler
FontType:CMap
CMapName:B5-V
Registry:Adobe
Ordering:CNS1
UseCMap:B5-H
OutlineFileName:resource\CMap\B5-V
FileLength:2993
FileModTime:1561141592
%EndFont

%BeginFont
Handler:DirectoryHandler
FontType:CMap
CMapName:B5pc-H
Registry:Adobe
Ordering:CNS1
OutlineFileName:resource\CMap\B5pc-H
FileLength:7616
FileModTime:1561141592
%EndFont

%BeginFont
Handler:DirectoryHandler
FontType:CMap
CMapName:B5pc-UCS2
Registry:Adobe
Ordering:B5pc_UCS2
UseCMap:B5pc-UCS2C
OutlineFileName:resource\CMap\B5pc-UCS2
FileLength:1180
FileModTime:1561141592
%EndFont

%BeginFont
Handler:DirectoryHandler
FontType:CMap
CMapName:B5pc-UCS2C
Registry:Adobe
Ordering:B5pc_UCS2C
OutlineFileName:resource\CMap\B5pc-UCS2C
FileLength:271478
FileModTime:1561141592
%EndFont

%BeginFont
Handler:DirectoryHandler
FontType:CMap
CMapName:B5pc-V
Registry:Adobe
Ordering:CNS1
UseCMap:B5pc-H
OutlineFileName:resource\CMap\B5pc-V
FileLength:3005
FileModTime:1561141592
%EndFont

%BeginFont
Handler:DirectoryHandler
FontType:CMap
CMapName:CNS-EUC-H
Registry:Adobe
Ordering:CNS1
OutlineFileName:resource\CMap\CNS-EUC-H
FileLength:12315
FileModTime:1561141592
%EndFont

%BeginFont
Handler:DirectoryHandler
FontType:CMap
CMapName:CNS-EUC-V
Registry:Adobe
Ordering:CNS1
OutlineFileName:resource\CMap\CNS-EUC-V
FileLength:13347
FileModTime:1561141592
%EndFont

%BeginFont
Handler:DirectoryHandler
FontType:CMap
CMapName:CNS1-H
Registry:Adobe
Ordering:CNS1
OutlineFileName:resource\CMap\CNS1-H
FileLength:5680
FileModTime:1561141592
%EndFont

%BeginFont
Handler:DirectoryHandler
FontType:CMap
CMapName:CNS1-V
Registry:Adobe
Ordering:CNS1
UseCMap:CNS1-H
OutlineFileName:resource\CMap\CNS1-V
FileLength:3001
FileModTime:1561141592
%EndFont

%BeginFont
Handler:DirectoryHandler
FontType:CMap
CMapName:CNS2-H
Registry:Adobe
Ordering:CNS1
OutlineFileName:resource\CMap\CNS2-H
FileLength:4344
FileModTime:1561141592
%EndFont

%BeginFont
Handler:DirectoryHandler
FontType:CMap
CMapName:CNS2-V
Registry:Adobe
Ordering:CNS1
UseCMap:CNS2-H
OutlineFileName:resource\CMap\CNS2-V
FileLength:2752
FileModTime:1561141592
%EndFont

%BeginFont
Handler:DirectoryHandler
FontType:CMap
CMapName:ETen-B5-H
Registry:Adobe
Ordering:CNS1
OutlineFileName:resource\CMap\ETen-B5-H
FileLength:7772
FileModTime:1561141592
%EndFont

%BeginFont
Handler:DirectoryHandler
FontType:CMap
CMapName:ETen-B5-UCS2
Registry:Adobe
Ordering:ETen_B5_UCS2
OutlineFileName:resource\CMap\ETen-B5-UCS2
FileLength:275158
FileModTime:1561141592
%EndFont

%BeginFont
Handler:DirectoryHandler
FontType:CMap
CMapName:ETen-B5-V
Registry:Adobe
Ordering:CNS1
UseCMap:ETen-B5-H
OutlineFileName:resource\CMap\ETen-B5-V
FileLength:3043
FileModTime:1561141592
%EndFont

%BeginFont
Handler:DirectoryHandler
FontType:CMap
CMapName:ETenms-B5-H
Registry:Adobe
Ordering:CNS1
UseCMap:ETen-B5-H
OutlineFileName:resource\CMap\ETenms-B5-H
FileLength:2798
FileModTime:1561141592
%EndFont

%BeginFont
Handler:DirectoryHandler
FontType:CMap
CMapName:ETenms-B5-V
Registry:Adobe
Ordering:CNS1
UseCMap:ETenms-B5-H
OutlineFileName:resource\CMap\ETenms-B5-V
FileLength:3110
FileModTime:1561141592
%EndFont

%BeginFont
Handler:DirectoryHandler
FontType:CMap
CMapName:ETHK-B5-H
Registry:Adobe
Ordering:CNS1
OutlineFileName:resource\CMap\ETHK-B5-H
FileLength:23271
FileModTime:1561141592
%EndFont

%BeginFont
Handler:DirectoryHandler
FontType:CMap
CMapName:ETHK-B5-V
Registry:Adobe
Ordering:CNS1
UseCMap:ETHK-B5-H
OutlineFileName:resource\CMap\ETHK-B5-V
FileLength:3024
FileModTime:1561141592
%EndFont

%BeginFont
Handler:DirectoryHandler
FontType:CMap
CMapName:EUC-H
Registry:Adobe
Ordering:Japan1
OutlineFileName:resource\CMap\EUC-H
FileLength:5144
FileModTime:1561141592
%EndFont

%BeginFont
Handler:DirectoryHandler
FontType:CMap
CMapName:EUC-V
Registry:Adobe
Ordering:Japan1
UseCMap:EUC-H
OutlineFileName:resource\CMap\EUC-V
FileLength:3292
FileModTime:1561141592
%EndFont

%BeginFont
Handler:DirectoryHandler
FontType:CMap
CMapName:Ext-H
Registry:Adobe
Ordering:Japan1
OutlineFileName:resource\CMap\Ext-H
FileLength:15493
FileModTime:1561141592
%EndFont

%BeginFont
Handler:DirectoryHandler
FontType:CMap
CMapName:Ext-RKSJ-H
Registry:Adobe
Ordering:Japan1
OutlineFileName:resource\CMap\Ext-RKSJ-H
FileLength:15676
FileModTime:1561141592
%EndFont

%BeginFont
Handler:DirectoryHandler
FontType:CMap
CMapName:Ext-RKSJ-V
Registry:Adobe
Ordering:Japan1
UseCMap:Ext-RKSJ-H
OutlineFileName:resource\CMap\Ext-RKSJ-V
FileLength:3550
FileModTime:1561141592
%EndFont

%BeginFont
Handler:DirectoryHandler
FontType:CMap
CMapName:Ext-V
Registry:Adobe
Ordering:Japan1
UseCMap:Ext-H
OutlineFileName:resource\CMap\Ext-V
FileLength:3520
FileModTime:1561141592
%EndFont

%BeginFont
Handler:DirectoryHandler
FontType:CMap
CMapName:GB-EUC-H
Registry:Adobe
Ordering:GB1
OutlineFileName:resource\CMap\GB-EUC-H
FileLength:4496
FileModTime:1561141592
%EndFont

%BeginFont
Handler:DirectoryHandler
FontType:CMap
CMapName:GB-EUC-V
Registry:Adobe
Ordering:GB1
UseCMap:GB-EUC-H
OutlineFileName:resource\CMap\GB-EUC-V
FileLength:3169
FileModTime:1561141592
%EndFont

%BeginFont
Handler:DirectoryHandler
FontType:CMap
CMapName:GB-H
Registry:Adobe
Ordering:GB1
OutlineFileName:resource\CMap\GB-H
FileLength:4391
FileModTime:1561141592
%EndFont

%BeginFont
Handler:DirectoryHandler
FontType:CMap
CMapName:GB-V
Registry:Adobe
Ordering:GB1
UseCMap:GB-H
OutlineFileName:resource\CMap\GB-V
FileLength:3145
FileModTime:1561141592
%EndFont

%BeginFont
Handler:DirectoryHandler
FontType:CMap
CMapName:GBK-EUC-H
Registry:Adobe
Ordering:GB1
OutlineFileName:resource\CMap\GBK-EUC-H
FileLength:83171
FileModTime:1561141592
%EndFont

%BeginFont
Handler:DirectoryHandler
FontType:CMap
CMapName:GBK-EUC-UCS2
Registry:Adobe
Ordering:GBK_EUC_UCS2
OutlineFileName:resource\CMap\GBK-EUC-UCS2
FileLength:222780
FileModTime:1561141592
%EndFont

%BeginFont
Handler:DirectoryHandler
FontType:CMap
CMapName:GBK-EUC-V
Registry:Adobe
Ordering:GB1
UseCMap:GBK-EUC-H
OutlineFileName:resource\CMap\GBK-EUC-V
FileLength:3158
FileModTime:1561141592
%EndFont

%BeginFont
Handler:DirectoryHandler
FontType:CMap
CMapName:GBK2K-H
Registry:Adobe
Ordering:GB1
OutlineFileName:resource\CMap\GBK2K-H
FileLength:90995
FileModTime:1561141592
%EndFont

%BeginFont
Handler:DirectoryHandler
FontType:CMap
CMapName:GBK2K-V
Registry:Adobe
Ordering:GB1
UseCMap:GBK2K-H
OutlineFileName:resource\CMap\GBK2K-V
FileLength:3551
FileModTime:1561141592
%EndFont

%BeginFont
Handler:DirectoryHandler
FontType:CMap
CMapName:GBKp-EUC-H
Registry:Adobe
Ordering:GB1
OutlineFileName:resource\CMap\GBKp-EUC-H
FileLength:83152
FileModTime:1561141592
%EndFont

%BeginFont
Handler:DirectoryHandler
FontType:CMap
CMapName:GBKp-EUC-V
Registry:Adobe
Ordering:GB1
UseCMap:GBKp-EUC-H
OutlineFileName:resource\CMap\GBKp-EUC-V
FileLength:3164
FileModTime:1561141592
%EndFont

%BeginFont
Handler:DirectoryHandler
FontType:CMap
CMapName:GBpc-EUC-H
Registry:Adobe
Ordering:GB1
OutlineFileName:resource\CMap\GBpc-EUC-H
FileLength:4524
FileModTime:1561141592
%EndFont

%BeginFont
Handler:DirectoryHandler
FontType:CMap
CMapName:GBpc-EUC-UCS2
Registry:Adobe
Ordering:GBpc_EUC_UCS2
UseCMap:GBpc-EUC-UCS2C
OutlineFileName:resource\CMap\GBpc-EUC-UCS2
FileLength:1262
FileModTime:1561141592
%EndFont

%BeginFont
Handler:DirectoryHandler
FontType:CMap
CMapName:GBpc-EUC-UCS2C
Registry:Adobe
Ordering:GBpc_EUC_UCS2C
OutlineFileName:resource\CMap\GBpc-EUC-UCS2C
FileLength:141289
FileModTime:1561141592
%EndFont

%BeginFont
Handler:DirectoryHandler
FontType:CMap
CMapName:GBpc-EUC-V
Registry:Adobe
Ordering:GB1
UseCMap:GBpc-EUC-H
OutlineFileName:resource\CMap\GBpc-EUC-V
FileLength:3181
FileModTime:1561141592
%EndFont

%BeginFont
Handler:DirectoryHandler
FontType:CMap
CMapName:GBT-EUC-H
Registry:Adobe
Ordering:GB1
OutlineFileName:resource\CMap\GBT-EUC-H
FileLength:46842
FileModTime:1561141592
%EndFont

%BeginFont
Handler:DirectoryHandler
FontType:CMap
CMapName:GBT-EUC-V
Registry:Adobe
Ordering:GB1
UseCMap:GBT-EUC-H
OutlineFileName:resource\CMap\GBT-EUC-V
FileLength:3177
FileModTime:1561141592
%EndFont

%BeginFont
Handler:DirectoryHandler
FontType:CMap
CMapName:GBT-H
Registry:Adobe
Ordering:GB1
OutlineFileName:resource\CMap\GBT-H
FileLength:46737
FileModTime:1561141592
%EndFont

%BeginFont
Handler:DirectoryHandler
FontType:CMap
CMapName:GBT-V
Registry:Adobe
Ordering:GB1
UseCMap:GBT-H
OutlineFileName:resource\CMap\GBT-V
FileLength:3153
FileModTime:1561141592
%EndFont

%BeginFont
Handler:DirectoryHandler
FontType:CMap
CMapName:GBTpc-EUC-H
Registry:Adobe
Ordering:GB1
OutlineFileName:resource\CMap\GBTpc-EUC-H
FileLength:46872
FileModTime:1561141592
%EndFont

%BeginFont
Handler:DirectoryHandler
FontType:CMap
CMapName:GBTpc-EUC-V
Registry:Adobe
Ordering:GB1
UseCMap:GBTpc-EUC-H
OutlineFileName:resource\CMap\GBTpc-EUC-V
FileLength:3189
FileModTime:1561141592
%EndFont

%BeginFont
Handler:DirectoryHandler
FontType:CMap
CMapName:H
Registry:Adobe
Ordering:Japan1
OutlineFileName:resource\CMap\H
FileLength:5010
FileModTime:1561141592
%EndFont

%BeginFont
Handler:DirectoryHandler
FontType:CMap
CMapName:Hankaku
Registry:Adobe
Ordering:Japan1
OutlineFileName:resource\CMap\Hankaku
FileLength:2890
FileModTime:1561141592
%EndFont

%BeginFont
Handler:DirectoryHandler
FontType:CMap
CMapName:Hiragana
Registry:Adobe
Ordering:Japan1
OutlineFileName:resource\CMap\Hiragana
FileLength:2864
FileModTime:1561141592
%EndFont

%BeginFont
Handler:DirectoryHandler
FontType:CMap
CMapName:HKdla-B5-H
Registry:Adobe
Ordering:CNS1
OutlineFileName:resource\CMap\HKdla-B5-H
FileLength:23337
FileModTime:1561141592
%EndFont

%BeginFont
Handler:DirectoryHandler
FontType:CMap
CMapName:HKdla-B5-V
Registry:Adobe
Ordering:CNS1
UseCMap:HKdla-B5-H
OutlineFileName:resource\CMap\HKdla-B5-V
FileLength:3010
FileModTime:1561141592
%EndFont

%BeginFont
Handler:DirectoryHandler
FontType:CMap
CMapName:HKdlb-B5-H
Registry:Adobe
Ordering:CNS1
OutlineFileName:resource\CMap\HKdlb-B5-H
FileLength:20997
FileModTime:1561141592
%EndFont

%BeginFont
Handler:DirectoryHandler
FontType:CMap
CMapName:HKdlb-B5-V
Registry:Adobe
Ordering:CNS1
UseCMap:HKdlb-B5-H
OutlineFileName:resource\CMap\HKdlb-B5-V
FileLength:3010
FileModTime:1561141592
%EndFont

%BeginFont
Handler:DirectoryHandler
FontType:CMap
CMapName:HKgccs-B5-H
Registry:Adobe
Ordering:CNS1
OutlineFileName:resource\CMap\HKgccs-B5-H
FileLength:13793
FileModTime:1561141592
%EndFont

%BeginFont
Handler:DirectoryHandler
FontType:CMap
CMapName:HKgccs-B5-V
Registry:Adobe
Ordering:CNS1
UseCMap:HKgccs-B5-H
OutlineFileName:resource\CMap\HKgccs-B5-V
FileLength:3016
FileModTime:1561141592
%EndFont

%BeginFont
Handler:DirectoryHandler
FontType:CMap
CMapName:HKm314-B5-H
Registry:Adobe
Ordering:CNS1
OutlineFileName:resource\CMap\HKm314-B5-H
FileLength:13606
FileModTime:1561141592
%EndFont

%BeginFont
Handler:DirectoryHandler
FontType:CMap
CMapName:HKm314-B5-V
Registry:Adobe
Ordering:CNS1
UseCMap:HKm314-B5-H
OutlineFileName:resource\CMap\HKm314-B5-V
FileLength:3016
FileModTime:1561141592
%EndFont

%BeginFont
Handler:DirectoryHandler
FontType:CMap
CMapName:HKm471-B5-H
Registry:Adobe
Ordering:CNS1
OutlineFileName:resource\CMap\HKm471-B5-H
FileLength:16576
FileModTime:1561141592
%EndFont

%BeginFont
Handler:DirectoryHandler
FontType:CMap
CMapName:HKm471-B5-V
Registry:Adobe
Ordering:CNS1
UseCMap:HKm471-B5-H
OutlineFileName:resource\CMap\HKm471-B5-V
FileLength:3016
FileModTime:1561141592
%EndFont

%BeginFont
Handler:DirectoryHandler
FontType:CMap
CMapName:HKscs-B5-H
Registry:Adobe
Ordering:CNS1
OutlineFileName:resource\CMap\HKscs-B5-H
FileLength:23322
FileModTime:1561141592
%EndFont

%BeginFont
Handler:DirectoryHandler
FontType:CMap
CMapName:HKscs-B5-V
Registry:Adobe
Ordering:CNS1
UseCMap:HKscs-B5-H
OutlineFileName:resource\CMap\HKscs-B5-V
FileLength:3030
FileModTime:1561141592
%EndFont

%BeginFont
Handler:DirectoryHandler
FontType:CMap
CMapName:Hojo-EUC-H
Registry:Adobe
Ordering:Japan2
OutlineFileName:resource\CMap\Hojo-EUC-H
FileLength:4695
FileModTime:1561141592
%EndFont

%BeginFont
Handler:DirectoryHandler
FontType:CMap
CMapName:Hojo-EUC-V
Registry:Adobe
Ordering:Japan2
UseCMap:Hojo-EUC-H
OutlineFileName:resource\CMap\Hojo-EUC-V
FileLength:2778
FileModTime:1561141592
%EndFont

%BeginFont
Handler:DirectoryHandler
FontType:CMap
CMapName:Hojo-H
Registry:Adobe
Ordering:Japan2
OutlineFileName:resource\CMap\Hojo-H
FileLength:4345
FileModTime:1561141592
%EndFont

%BeginFont
Handler:DirectoryHandler
FontType:CMap
CMapName:Hojo-V
Registry:Adobe
Ordering:Japan2
UseCMap:Hojo-H
OutlineFileName:resource\CMap\Hojo-V
FileLength:2754
FileModTime:1561141592
%EndFont

%BeginFont
Handler:DirectoryHandler
FontType:CMap
CMapName:Identity-H
Registry:Adobe
Ordering:Identity
OutlineFileName:resource\CMap\Identity-H
FileLength:7889
FileModTime:1561141592
%EndFont

%BeginFont
Handler:DirectoryHandler
FontType:CMap
CMapName:Identity-V
Registry:Adobe
Ordering:Identity
UseCMap:Identity-H
OutlineFileName:resource\CMap\Identity-V
FileLength:2688
FileModTime:1561141592
%EndFont

%BeginFont
Handler:DirectoryHandler
FontType:CMap
CMapName:Katakana
Registry:Adobe
Ordering:Japan1
OutlineFileName:resource\CMap\Katakana
FileLength:2780
FileModTime:1561141592
%EndFont

%BeginFont
Handler:DirectoryHandler
FontType:CMap
CMapName:KSC-EUC-H
Registry:Adobe
Ordering:Korea1
OutlineFileName:resource\CMap\KSC-EUC-H
FileLength:11797
FileModTime:1561141592
%EndFont

%BeginFont
Handler:DirectoryHandler
FontType:CMap
CMapName:KSC-EUC-V
Registry:Adobe
Ordering:Korea1
UseCMap:KSC-EUC-H
OutlineFileName:resource\CMap\KSC-EUC-V
FileLength:3105
FileModTime:1561141592
%EndFont

%BeginFont
Handler:DirectoryHandler
FontType:CMap
CMapName:KSC-H
Registry:Adobe
Ordering:Korea1
OutlineFileName:resource\CMap\KSC-H
FileLength:11706
FileModTime:1561141592
%EndFont

%BeginFont
Handler:DirectoryHandler
FontType:CMap
CMapName:KSC-Johab-H
Registry:Adobe
Ordering:Korea1
OutlineFileName:resource\CMap\KSC-Johab-H
FileLength:84319
FileModTime:1561141592
%EndFont

%BeginFont
Handler:DirectoryHandler
FontType:CMap
CMapName:KSC-Johab-V
Registry:Adobe
Ordering:Korea1
UseCMap:KSC-Johab-H
OutlineFileName:resource\CMap\KSC-Johab-V
FileLength:3119
FileModTime:1561141592
%EndFont

%BeginFont
Handler:DirectoryHandler
FontType:CMap
CMapName:KSC-V
Registry:Adobe
Ordering:Korea1
UseCMap:KSC-H
OutlineFileName:resource\CMap\KSC-V
FileLength:3081
FileModTime:1561141592
%EndFont

%BeginFont
Handler:DirectoryHandler
FontType:CMap
CMapName:KSCms-UHC-H
Registry:Adobe
Ordering:Korea1
OutlineFileName:resource\CMap\KSCms-UHC-H
FileLength:16009
FileModTime:1561141592
%EndFont

%BeginFont
Handler:DirectoryHandler
FontType:CMap
CMapName:KSCms-UHC-HW-H
Registry:Adobe
Ordering:Korea1
OutlineFileName:resource\CMap\KSCms-UHC-HW-H
FileLength:16005
FileModTime:1561141592
%EndFont

%BeginFont
Handler:DirectoryHandler
FontType:CMap
CMapName:KSCms-UHC-HW-V
Registry:Adobe
Ordering:Korea1
UseCMap:KSCms-UHC-HW-H
OutlineFileName:resource\CMap\KSCms-UHC-HW-V
FileLength:3118
FileModTime:1561141592
%EndFont

%BeginFont
Handler:DirectoryHandler
FontType:CMap
CMapName:KSCms-UHC-UCS2
Registry:Adobe
Ordering:KSCms_UHC_UCS2
OutlineFileName:resource\CMap\KSCms-UHC-UCS2
FileLength:181093
FileModTime:1561141592
%EndFont

%BeginFont
Handler:DirectoryHandler
FontType:CMap
CMapName:KSCms-UHC-V
Registry:Adobe
Ordering:Korea1
UseCMap:KSCms-UHC-H
OutlineFileName:resource\CMap\KSCms-UHC-V
FileLength:3119
FileModTime:1561141592
%EndFont

%BeginFont
Handler:DirectoryHandler
FontType:CMap
CMapName:KSCpc-EUC-H
Registry:Adobe
Ordering:Korea1
OutlineFileName:resource\CMap\KSCpc-EUC-H
FileLength:12624
FileModTime:1561141592
%EndFont

%BeginFont
Handler:DirectoryHandler
FontType:CMap
CMapName:KSCpc-EUC-UCS2
Registry:Adobe
Ordering:KSCpc_EUC_UCS2
UseCMap:KSCpc-EUC-UCS2C
OutlineFileName:resource\CMap\KSCpc-EUC-UCS2
FileLength:15733
FileModTime:1561141592
%EndFont

%BeginFont
Handler:DirectoryHandler
FontType:CMap
CMapName:KSCpc-EUC-UCS2C
Registry:Adobe
Ordering:KSCpc_EUC_UCS2C
OutlineFileName:resource\CMap\KSCpc-EUC-UCS2C
FileLength:149594
FileModTime:1561141592
%EndFont

%BeginFont
Handler:DirectoryHandler
FontType:CMap
CMapName:KSCpc-EUC-V
Registry:Adobe
Ordering:Korea1
UseCMap:KSCpc-EUC-H
OutlineFileName:resource\CMap\KSCpc-EUC-V
FileLength:3117
FileModTime:1561141592
%EndFont

%BeginFont
Handler:DirectoryHandler
FontType:CMap
CMapName:NWP-H
Registry:Adobe
Ordering:Japan1
OutlineFileName:resource\CMap\NWP-H
FileLength:17367
FileModTime:1561141592
%EndFont

%BeginFont
Handler:DirectoryHandler
FontType:CMap
CMapName:NWP-V
Registry:Adobe
Ordering:Japan1
UseCMap:NWP-H
OutlineFileName:resource\CMap\NWP-V
FileLength:3672
FileModTime:1561141592
%EndFont

%BeginFont
Handler:DirectoryHandler
FontType:CMap
CMapName:RKSJ-H
Registry:Adobe
Ordering:Japan1
OutlineFileName:resource\CMap\RKSJ-H
FileLength:5193
FileModTime:1561141592
%EndFont

%BeginFont
Handler:DirectoryHandler
FontType:CMap
CMapName:RKSJ-V
Registry:Adobe
Ordering:Japan1
UseCMap:RKSJ-H
OutlineFileName:resource\CMap\RKSJ-V
FileLength:3298
FileModTime:1561141592
%EndFont

%BeginFont
Handler:DirectoryHandler
FontType:CMap
CMapName:Roman
Registry:Adobe
Ordering:Japan1
OutlineFileName:resource\CMap\Roman
FileLength:2757
FileModTime:1561141592
%EndFont

%BeginFont
Handler:DirectoryHandler
FontType:CMap
CMapName:UCS2-90ms-RKSJ
Registry:Adobe
Ordering:UCS2_90ms_RKSJ
OutlineFileName:resource\CMap\UCS2-90ms-RKSJ
FileLength:148228
FileModTime:1561141592
%EndFont

%BeginFont
Handler:DirectoryHandler
FontType:CMap
CMapName:UCS2-90pv-RKSJ
Registry:Adobe
Ordering:UCS2_90pv_RKSJ
OutlineFileName:resource\CMap\UCS2-90pv-RKSJ
FileLength:141501
FileModTime:1561141592
%EndFont

%BeginFont
Handler:DirectoryHandler
FontType:CMap
CMapName:UCS2-B5pc
Registry:Adobe
Ordering:UCS2_B5pc
OutlineFileName:resource\CMap\UCS2-B5pc
FileLength:271788
FileModTime:1561141592
%EndFont

%BeginFont
Handler:DirectoryHandler
FontType:CMap
CMapName:UCS2-ETen-B5
Registry:Adobe
Ordering:UCS2_ETen_B5
OutlineFileName:resource\CMap\UCS2-ETen-B5
FileLength:285473
FileModTime:1561141592
%EndFont

%BeginFont
Handler:DirectoryHandler
FontType:CMap
CMapName:UCS2-GBK-EUC
Registry:Adobe
Ordering:UCS2_GBK_EUC
OutlineFileName:resource\CMap\UCS2-GBK-EUC
FileLength:232589
FileModTime:1561141592
%EndFont

%BeginFont
Handler:DirectoryHandler
FontType:CMap
CMapName:UCS2-GBpc-EUC
Registry:Adobe
Ordering:UCS2_GBpc_EUC
OutlineFileName:resource\CMap\UCS2-GBpc-EUC
FileLength:188072
FileModTime:1561141592
%EndFont

%BeginFont
Handler:DirectoryHandler
FontType:CMap
CMapName:UCS2-KSCms-UHC
Registry:Adobe
Ordering:UCS2_KCSms_UHC
OutlineFileName:resource\CMap\UCS2-KSCms-UHC
FileLength:187386
FileModTime:1561141592
%EndFont

%BeginFont
Handler:DirectoryHandler
FontType:CMap
CMapName:UCS2-KSCpc-EUC
Registry:Adobe
Ordering:UCS2_KSCpc_EUC
OutlineFileName:resource\CMap\UCS2-KSCpc-EUC
FileLength:146329
FileModTime:1561141592
%EndFont

%BeginFont
Handler:DirectoryHandler
FontType:CMap
CMapName:UniCNS-UCS2-H
Registry:Adobe
Ordering:CNS1
OutlineFileName:resource\CMap\UniCNS-UCS2-H
FileLength:326418
FileModTime:1561141592
%EndFont

%BeginFont
Handler:DirectoryHandler
FontType:CMap
CMapName:UniCNS-UCS2-V
Registry:Adobe
Ordering:CNS1
UseCMap:UniCNS-UCS2-H
OutlineFileName:resource\CMap\UniCNS-UCS2-V
FileLength:3040
FileModTime:1561141592
%EndFont

%BeginFont
Handler:DirectoryHandler
FontType:CMap
CMapName:UniCNS-UTF16-H
Registry:Adobe
Ordering:CNS1
OutlineFileName:resource\CMap\UniCNS-UTF16-H
FileLength:252722
FileModTime:1561141592
%EndFont

%BeginFont
Handler:DirectoryHandler
FontType:CMap
CMapName:UniCNS-UTF16-V
Registry:Adobe
Ordering:CNS1
UseCMap:UniCNS-UTF16-H
OutlineFileName:resource\CMap\UniCNS-UTF16-V
FileLength:3029
FileModTime:1561141592
%EndFont

%BeginFont
Handler:DirectoryHandler
FontType:CMap
CMapName:UniCNS-UTF32-H
Registry:Adobe
Ordering:CNS1
OutlineFileName:resource\CMap\UniCNS-UTF32-H
FileLength:324006
FileModTime:1561141592
%EndFont

%BeginFont
Handler:DirectoryHandler
FontType:CMap
CMapName:UniCNS-UTF32-V
Registry:Adobe
Ordering:CNS1
UseCMap:UniCNS-UTF32-H
OutlineFileName:resource\CMap\UniCNS-UTF32-V
FileLength:3109
FileModTime:1561141592
%EndFont

%BeginFont
Handler:DirectoryHandler
FontType:CMap
CMapName:UniCNS-UTF8-H
Registry:Adobe
Ordering:CNS1
OutlineFileName:resource\CMap\UniCNS-UTF8-H
FileLength:289497
FileModTime:1561141592
%EndFont

%BeginFont
Handler:DirectoryHandler
FontType:CMap
CMapName:UniCNS-UTF8-V
Registry:Adobe
Ordering:CNS1
UseCMap:UniCNS-UTF8-H
OutlineFileName:resource\CMap\UniCNS-UTF8-V
FileLength:3065
FileModTime:1561141592
%EndFont

%BeginFont
Handler:DirectoryHandler
FontType:CMap
CMapName:UniGB-UCS2-H
Registry:Adobe
Ordering:GB1
OutlineFileName:resource\CMap\UniGB-UCS2-H
FileLength:274452
FileModTime:1561141592
%EndFont

%BeginFont
Handler:DirectoryHandler
FontType:CMap
CMapName:UniGB-UCS2-V
Registry:Adobe
Ordering:GB1
UseCMap:UniGB-UCS2-H
OutlineFileName:resource\CMap\UniGB-UCS2-V
FileLength:3236
FileModTime:1561141592
%EndFont

%BeginFont
Handler:DirectoryHandler
FontType:CMap
CMapName:UniGB-UTF16-H
Registry:Adobe
Ordering:GB1
OutlineFileName:resource\CMap\UniGB-UTF16-H
FileLength:199946
FileModTime:1561141592
%EndFont

%BeginFont
Handler:DirectoryHandler
FontType:CMap
CMapName:UniGB-UTF16-V
Registry:Adobe
Ordering:GB1
UseCMap:UniGB-UTF16-H
OutlineFileName:resource\CMap\UniGB-UTF16-V
FileLength:3130
FileModTime:1561141592
%EndFont

%BeginFont
Handler:DirectoryHandler
FontType:CMap
CMapName:UniGB-UTF32-H
Registry:Adobe
Ordering:GB1
OutlineFileName:resource\CMap\UniGB-UTF32-H
FileLength:267834
FileModTime:1561141592
%EndFont

%BeginFont
Handler:DirectoryHandler
FontType:CMap
CMapName:UniGB-UTF32-V
Registry:Adobe
Ordering:GB1
UseCMap:UniGB-UTF32-H
OutlineFileName:resource\CMap\UniGB-UTF32-V
FileLength:3246
FileModTime:1561141592
%EndFont

%BeginFont
Handler:DirectoryHandler
FontType:CMap
CMapName:UniGB-UTF8-H
Registry:Adobe
Ordering:GB1
OutlineFileName:resource\CMap\UniGB-UTF8-H
FileLength:237781
FileModTime:1561141592
%EndFont

%BeginFont
Handler:DirectoryHandler
FontType:CMap
CMapName:UniGB-UTF8-V
Registry:Adobe
Ordering:GB1
UseCMap:UniGB-UTF8-H
OutlineFileName:resource\CMap\UniGB-UTF8-V
FileLength:3184
FileModTime:1561141592
%EndFont

%BeginFont
Handler:DirectoryHandler
FontType:CMap
CMapName:UniHojo-UCS2-H
Registry:Adobe
Ordering:Japan2
OutlineFileName:resource\CMap\UniHojo-UCS2-H
FileLength:83661
FileModTime:1561141592
%EndFont

%BeginFont
Handler:DirectoryHandler
FontType:CMap
CMapName:UniHojo-UCS2-V
Registry:Adobe
Ordering:Japan2
UseCMap:UniHojo-UCS2-H
OutlineFileName:resource\CMap\UniHojo-UCS2-V
FileLength:2783
FileModTime:1561141592
%EndFont

%BeginFont
Handler:DirectoryHandler
FontType:CMap
CMapName:UniHojo-UTF16-H
Registry:Adobe
Ordering:Japan2
OutlineFileName:resource\CMap\UniHojo-UTF16-H
FileLength:63017
FileModTime:1561141592
%EndFont

%BeginFont
Handler:DirectoryHandler
FontType:CMap
CMapName:UniHojo-UTF16-V
Registry:Adobe
Ordering:Japan2
UseCMap:UniHojo-UTF16-H
OutlineFileName:resource\CMap\UniHojo-UTF16-V
FileLength:2789
FileModTime:1561141592
%EndFont

%BeginFont
Handler:DirectoryHandler
FontType:CMap
CMapName:UniHojo-UTF32-H
Registry:Adobe
Ordering:Japan2
OutlineFileName:resource\CMap\UniHojo-UTF32-H
FileLength:84890
FileModTime:1561141592
%EndFont

%BeginFont
Handler:DirectoryHandler
FontType:CMap
CMapName:UniHojo-UTF32-V
Registry:Adobe
Ordering:Japan2
UseCMap:UniHojo-UTF32-H
OutlineFileName:resource\CMap\UniHojo-UTF32-V
FileLength:2789
FileModTime:1561141592
%EndFont

%BeginFont
Handler:DirectoryHandler
FontType:CMap
CMapName:UniHojo-UTF8-H
Registry:Adobe
Ordering:Japan2
OutlineFileName:resource\CMap\UniHojo-UTF8-H
FileLength:73770
FileModTime:1561141592
%EndFont

%BeginFont
Handler:DirectoryHandler
FontType:CMap
CMapName:UniHojo-UTF8-V
Registry:Adobe
Ordering:Japan2
UseCMap:UniHojo-UTF8-H
OutlineFileName:resource\CMap\UniHojo-UTF8-V
FileLength:2785
FileModTime:1561141592
%EndFont

%BeginFont
Handler:DirectoryHandler
FontType:CMap
CMapName:UniJIS-UCS2-H
Registry:Adobe
Ordering:Japan1
OutlineFileName:resource\CMap\UniJIS-UCS2-H
FileLength:168666
FileModTime:1561141592
%EndFont

%BeginFont
Handler:DirectoryHandler
FontType:CMap
CMapName:UniJIS-UCS2-HW-H
Registry:Adobe
Ordering:Japan1
UseCMap:UniJIS-UCS2-H
OutlineFileName:resource\CMap\UniJIS-UCS2-HW-H
FileLength:2889
FileModTime:1561141592
%EndFont

%BeginFont
Handler:DirectoryHandler
FontType:CMap
CMapName:UniJIS-UCS2-HW-V
Registry:Adobe
Ordering:Japan1
UseCMap:UniJIS-UCS2-H
OutlineFileName:resource\CMap\UniJIS-UCS2-HW-V
FileLength:6660
FileModTime:1561141592
%EndFont

%BeginFont
Handler:DirectoryHandler
FontType:CMap
CMapName:UniJIS-UCS2-V
Registry:Adobe
Ordering:Japan1
UseCMap:UniJIS-UCS2-H
OutlineFileName:resource\CMap\UniJIS-UCS2-V
FileLength:6578
FileModTime:1561141592
%EndFont

%BeginFont
Handler:DirectoryHandler
FontType:CMap
CMapName:UniJIS-UTF16-H
Registry:Adobe
Ordering:Japan1
OutlineFileName:resource\CMap\UniJIS-UTF16-H
FileLength:186879
FileModTime:1561141592
%EndFont

%BeginFont
Handler:DirectoryHandler
FontType:CMap
CMapName:UniJIS-UTF16-V
Registry:Adobe
Ordering:Japan1
UseCMap:UniJIS-UTF16-H
OutlineFileName:resource\CMap\UniJIS-UTF16-V
FileLength:5762
FileModTime:1561141592
%EndFont

%BeginFont
Handler:DirectoryHandler
FontType:CMap
CMapName:UniJIS-UTF32-H
Registry:Adobe
Ordering:Japan1
OutlineFileName:resource\CMap\UniJIS-UTF32-H
FileLength:243899
FileModTime:1561141592
%EndFont

%BeginFont
Handler:DirectoryHandler
FontType:CMap
CMapName:UniJIS-UTF32-V
Registry:Adobe
Ordering:Japan1
UseCMap:UniJIS-UTF32-H
OutlineFileName:resource\CMap\UniJIS-UTF32-V
FileLength:6770
FileModTime:1561141592
%EndFont

%BeginFont
Handler:DirectoryHandler
FontType:CMap
CMapName:UniJIS-UTF8-H
Registry:Adobe
Ordering:Japan1
OutlineFileName:resource\CMap\UniJIS-UTF8-H
FileLength:214965
FileModTime:1561141592
%EndFont

%BeginFont
Handler:DirectoryHandler
FontType:CMap
CMapName:UniJIS-UTF8-V
Registry:Adobe
Ordering:Japan1
UseCMap:UniJIS-UTF8-H
OutlineFileName:resource\CMap\UniJIS-UTF8-V
FileLength:6275
FileModTime:1561141592
%EndFont

%BeginFont
Handler:DirectoryHandler
FontType:CMap
CMapName:UniJIS2004-UTF16-H
Registry:Adobe
Ordering:Japan1
OutlineFileName:resource\CMap\UniJIS2004-UTF16-H
FileLength:186959
FileModTime:1561141592
%EndFont

%BeginFont
Handler:DirectoryHandler
FontType:CMap
CMapName:UniJIS2004-UTF16-V
Registry:Adobe
Ordering:Japan1
UseCMap:UniJIS2004-UTF16-H
OutlineFileName:resource\CMap\UniJIS2004-UTF16-V
FileLength:5786
FileModTime:1561141592
%EndFont

%BeginFont
Handler:DirectoryHandler
FontType:CMap
CMapName:UniJIS2004-UTF32-H
Registry:Adobe
Ordering:Japan1
OutlineFileName:resource\CMap\UniJIS2004-UTF32-H
FileLength:243979
FileModTime:1561141592
%EndFont

%BeginFont
Handler:DirectoryHandler
FontType:CMap
CMapName:UniJIS2004-UTF32-V
Registry:Adobe
Ordering:Japan1
UseCMap:UniJIS2004-UTF32-H
OutlineFileName:resource\CMap\UniJIS2004-UTF32-V
FileLength:6794
FileModTime:1561141592
%EndFont

%BeginFont
Handler:DirectoryHandler
FontType:CMap
CMapName:UniJIS2004-UTF8-H
Registry:Adobe
Ordering:Japan1
OutlineFileName:resource\CMap\UniJIS2004-UTF8-H
FileLength:215043
FileModTime:1561141592
%EndFont

%BeginFont
Handler:DirectoryHandler
FontType:CMap
CMapName:UniJIS2004-UTF8-V
Registry:Adobe
Ordering:Japan1
UseCMap:UniJIS2004-UTF8-H
OutlineFileName:resource\CMap\UniJIS2004-UTF8-V
FileLength:6297
FileModTime:1561141592
%EndFont

%BeginFont
Handler:DirectoryHandler
FontType:CMap
CMapName:UniJISB-UCS2-H
Registry:Adobe
Ordering:Japan1
OutlineFileName:resource\CMap\UniJISB-UCS2-H
FileLength:134766
FileModTime:1561141592
%EndFont

%BeginFont
Handler:DirectoryHandler
FontType:CMap
CMapName:UniJISPro-UCS2-HW-V
Registry:Adobe
Ordering:Japan1
UseCMap:UniJIS-UCS2-H
OutlineFileName:resource\CMap\UniJISPro-UCS2-HW-V
FileLength:6798
FileModTime:1561141592
%EndFont

%BeginFont
Handler:DirectoryHandler
FontType:CMap
CMapName:UniJISPro-UCS2-V
Registry:Adobe
Ordering:Japan1
UseCMap:UniJIS-UCS2-H
OutlineFileName:resource\CMap\UniJISPro-UCS2-V
FileLength:6687
FileModTime:1561141592
%EndFont

%BeginFont
Handler:DirectoryHandler
FontType:CMap
CMapName:UniJISPro-UTF8-V
Registry:Adobe
Ordering:Japan1
UseCMap:UniJIS-UTF8-H
OutlineFileName:resource\CMap\UniJISPro-UTF8-V
FileLength:7536
FileModTime:1561141592
%EndFont

%BeginFont
Handler:DirectoryHandler
FontType:CMap
CMapName:UniJISX0213-UTF32-H
Registry:Adobe
Ordering:Japan1
OutlineFileName:resource\CMap\UniJISX0213-UTF32-H
FileLength:243889
FileModTime:1561141592
%EndFont

%BeginFont
Handler:DirectoryHandler
FontType:CMap
CMapName:UniJISX0213-UTF32-V
Registry:Adobe
Ordering:Japan1
UseCMap:UniJISX0213-UTF32-H
OutlineFileName:resource\CMap\UniJISX0213-UTF32-V
FileLength:6821
FileModTime:1561141592
%EndFont

%BeginFont
Handler:DirectoryHandler
FontType:CMap
CMapName:UniJISX02132004-UTF32-H
Registry:Adobe
Ordering:Japan1
OutlineFileName:resource\CMap\UniJISX02132004-UTF32-H
FileLength:243969
FileModTime:1561141592
%EndFont

%BeginFont
Handler:DirectoryHandler
FontType:CMap
CMapName:UniJISX02132004-UTF32-V
Registry:Adobe
Ordering:Japan1
UseCMap:UniJISX02132004-UTF32-H
OutlineFileName:resource\CMap\UniJISX02132004-UTF32-V
FileLength:6845
FileModTime:1561141592
%EndFont

%BeginFont
Handler:DirectoryHandler
FontType:CMap
CMapName:UniKS-UCS2-H
Registry:Adobe
Ordering:Korea1
OutlineFileName:resource\CMap\UniKS-UCS2-H
FileLength:166078
FileModTime:1561141592
%EndFont

%BeginFont
Handler:DirectoryHandler
FontType:CMap
CMapName:UniKS-UCS2-V
Registry:Adobe
Ordering:Korea1
UseCMap:UniKS-UCS2-H
OutlineFileName:resource\CMap\UniKS-UCS2-V
FileLength:3145
FileModTime:1561141592
%EndFont

%BeginFont
Handler:DirectoryHandler
FontType:CMap
CMapName:UniKS-UTF16-H
Registry:Adobe
Ordering:Korea1
OutlineFileName:resource\CMap\UniKS-UTF16-H
FileLength:122974
FileModTime:1561141592
%EndFont

%BeginFont
Handler:DirectoryHandler
FontType:CMap
CMapName:UniKS-UTF16-V
Registry:Adobe
Ordering:Korea1
UseCMap:UniKS-UTF16-H
OutlineFileName:resource\CMap\UniKS-UTF16-V
FileLength:3099
FileModTime:1561141592
%EndFont

%BeginFont
Handler:DirectoryHandler
FontType:CMap
CMapName:UniKS-UTF32-H
Registry:Adobe
Ordering:Korea1
OutlineFileName:resource\CMap\UniKS-UTF32-H
FileLength:165034
FileModTime:1561141592
%EndFont

%BeginFont
Handler:DirectoryHandler
FontType:CMap
CMapName:UniKS-UTF32-V
Registry:Adobe
Ordering:Korea1
UseCMap:UniKS-UTF32-H
OutlineFileName:resource\CMap\UniKS-UTF32-V
FileLength:3199
FileModTime:1561141592
%EndFont

%BeginFont
Handler:DirectoryHandler
FontType:CMap
CMapName:UniKS-UTF8-H
Registry:Adobe
Ordering:Korea1
OutlineFileName:resource\CMap\UniKS-UTF8-H
FileLength:145877
FileModTime:1561141592
%EndFont

%BeginFont
Handler:DirectoryHandler
FontType:CMap
CMapName:UniKS-UTF8-V
Registry:Adobe
Ordering:Korea1
UseCMap:UniKS-UTF8-H
OutlineFileName:resource\CMap\UniKS-UTF8-V
FileLength:3145
FileModTime:1561141592
%EndFont

%BeginFont
Handler:DirectoryHandler
FontType:CMap
CMapName:V
Registry:Adobe
Ordering:Japan1
UseCMap:H
OutlineFileName:resource\CMap\V
FileLength:3268
FileModTime:1561141592
%EndFont

%BeginFont
Handler:DirectoryHandler
FontType:CMap
CMapName:WP-Symbol
Registry:Adobe
Ordering:Japan1
OutlineFileName:resource\CMap\WP-Symbol
FileLength:3162
FileModTime:1561141592
%EndFont

%BeginFont
Handler:DirectoryHandler
FontType:CMap
CMapName:78-EUC-H
Registry:Adobe
Ordering:Japan1
OutlineFileName:resource\CMap\78-EUC-H
FileLength:14865
FileModTime:1561141592
%EndFont

%BeginFont
Handler:DirectoryHandler
FontType:CMap
CMapName:78-EUC-V
Registry:Adobe
Ordering:Japan1
UseCMap:78-EUC-H
OutlineFileName:resource\CMap\78-EUC-V
FileLength:3291
FileModTime:1561141592
%EndFont

%BeginFont
Handler:DirectoryHandler
FontType:CMap
CMapName:78-H
Registry:Adobe
Ordering:Japan1
OutlineFileName:resource\CMap\78-H
FileLength:14742
FileModTime:1561141592
%EndFont

%BeginFont
Handler:DirectoryHandler
FontType:CMap
CMapName:78-RKSJ-H
Registry:Adobe
Ordering:Japan1
OutlineFileName:resource\CMap\78-RKSJ-H
FileLength:14896
FileModTime:1561141592
%EndFont

%BeginFont
Handler:DirectoryHandler
FontType:CMap
CMapName:78-RKSJ-V
Registry:Adobe
Ordering:Japan1
UseCMap:78-RKSJ-H
OutlineFileName:resource\CMap\78-RKSJ-V
FileLength:3297
FileModTime:1561141592
%EndFont

%BeginFont
Handler:DirectoryHandler
FontType:CMap
CMapName:78-V
Registry:Adobe
Ordering:Japan1
UseCMap:78-H
OutlineFileName:resource\CMap\78-V
FileLength:3267
FileModTime:1561141592
%EndFont

%BeginFont
Handler:DirectoryHandler
FontType:CMap
CMapName:78ms-RKSJ-H
Registry:Adobe
Ordering:Japan1
OutlineFileName:resource\CMap\78ms-RKSJ-H
FileLength:16569
FileModTime:1561141592
%EndFont

%BeginFont
Handler:DirectoryHandler
FontType:CMap
CMapName:78ms-RKSJ-V
Registry:Adobe
Ordering:Japan1
UseCMap:78ms-RKSJ-H
OutlineFileName:resource\CMap\78ms-RKSJ-V
FileLength:4278
FileModTime:1561141592
%EndFont

%BeginFont
Handler:DirectoryHandler
FontType:CMap
CMapName:83pv-RKSJ-H
Registry:Adobe
Ordering:Japan1
OutlineFileName:resource\CMap\83pv-RKSJ-H
FileLength:7149
FileModTime:1561141592
%EndFont

%BeginFont
Handler:DirectoryHandler
FontType:CMap
CMapName:90ms-RKSJ-H
Registry:Adobe
Ordering:Japan1
OutlineFileName:resource\CMap\90ms-RKSJ-H
FileLength:6139
FileModTime:1561141592
%EndFont

%BeginFont
Handler:DirectoryHandler
FontType:CMap
CMapName:90ms-RKSJ-UCS2
Registry:Adobe
Ordering:90ms_RKSJ_UCS2
OutlineFileName:resource\CMap\90ms-RKSJ-UCS2
FileLength:104726
FileModTime:1561141592
%EndFont

%BeginFont
Handler:DirectoryHandler
FontType:CMap
CMapName:90ms-RKSJ-V
Registry:Adobe
Ordering:Japan1
UseCMap:90ms-RKSJ-H
OutlineFileName:resource\CMap\90ms-RKSJ-V
FileLength:4298
FileModTime:1561141592
%EndFont

%BeginFont
Handler:DirectoryHandler
FontType:CMap
CMapName:90msp-RKSJ-H
Registry:Adobe
Ordering:Japan1
OutlineFileName:resource\CMap\90msp-RKSJ-H
FileLength:6070
FileModTime:1561141592
%EndFont

%BeginFont
Handler:DirectoryHandler
FontType:CMap
CMapName:90msp-RKSJ-V
Registry:Adobe
Ordering:Japan1
UseCMap:90msp-RKSJ-H
OutlineFileName:resource\CMap\90msp-RKSJ-V
FileLength:4281
FileModTime:1561141592
%EndFont

%BeginFont
Handler:DirectoryHandler
FontType:CMap
CMapName:90pv-RKSJ-H
Registry:Adobe
Ordering:Japan1
OutlineFileName:resource\CMap\90pv-RKSJ-H
FileLength:7884
FileModTime:1561141592
%EndFont

%BeginFont
Handler:DirectoryHandler
FontType:CMap
CMapName:90pv-RKSJ-UCS2
Registry:Adobe
Ordering:90pv_RKSJ_UCS2
UseCMap:90pv-RKSJ-UCS2C
OutlineFileName:resource\CMap\90pv-RKSJ-UCS2
FileLength:1787
FileModTime:1561141592
%EndFont

%BeginFont
Handler:DirectoryHandler
FontType:CMap
CMapName:90pv-RKSJ-UCS2C
Registry:Adobe
Ordering:90pv_RKSJ_UCS2C
OutlineFileName:resource\CMap\90pv-RKSJ-UCS2C
FileLength:95824
FileModTime:1561141592
%EndFont

%BeginFont
Handler:DirectoryHandler
FontType:CMap
CMapName:90pv-RKSJ-V
Registry:Adobe
Ordering:Japan1
UseCMap:90pv-RKSJ-H
OutlineFileName:resource\CMap\90pv-RKSJ-V
FileLength:3784
FileModTime:1561141592
%EndFont

%BeginFont
Handler:DirectoryHandler
FontType:CMap
CMapName:Add-H
Registry:Adobe
Ordering:Japan1
OutlineFileName:resource\CMap\Add-H
FileLength:14923
FileModTime:1561141592
%EndFont

%BeginFont
Handler:DirectoryHandler
FontType:CMap
CMapName:Add-RKSJ-H
Registry:Adobe
Ordering:Japan1
OutlineFileName:resource\CMap\Add-RKSJ-H
FileLength:15107
FileModTime:1561141592
%EndFont

%BeginFont
Handler:DirectoryHandler
FontType:CMap
CMapName:Add-RKSJ-V
Registry:Adobe
Ordering:Japan1
UseCMap:Add-RKSJ-H
OutlineFileName:resource\CMap\Add-RKSJ-V
FileLength:3892
FileModTime:1561141592
%EndFont

%BeginFont
Handler:DirectoryHandler
FontType:CMap
CMapName:Add-V
Registry:Adobe
Ordering:Japan1
UseCMap:Add-H
OutlineFileName:resource\CMap\Add-V
FileLength:3862
FileModTime:1561141592
%EndFont

%BeginFont
Handler:DirectoryHandler
FontType:CMap
CMapName:Adobe-CNS1-0
Registry:Adobe
Ordering:CNS1
OutlineFileName:resource\CMap\Adobe-CNS1-0
FileLength:3898
FileModTime:1561141592
%EndFont

%BeginFont
Handler:DirectoryHandler
FontType:CMap
CMapName:Adobe-CNS1-1
Registry:Adobe
Ordering:CNS1
OutlineFileName:resource\CMap\Adobe-CNS1-1
FileLength:4071
FileModTime:1561141592
%EndFont

%BeginFont
Handler:DirectoryHandler
FontType:CMap
CMapName:Adobe-CNS1-2
Registry:Adobe
Ordering:CNS1
OutlineFileName:resource\CMap\Adobe-CNS1-2
FileLength:4091
FileModTime:1561141592
%EndFont

%BeginFont
Handler:DirectoryHandler
FontType:CMap
CMapName:Adobe-CNS1-3
Registry:Adobe
Ordering:CNS1
OutlineFileName:resource\CMap\Adobe-CNS1-3
FileLength:4191
FileModTime:1561141592
%EndFont

%BeginFont
Handler:DirectoryHandler
FontType:CMap
CMapName:Adobe-CNS1-4
Registry:Adobe
Ordering:CNS1
OutlineFileName:resource\CMap\Adobe-CNS1-4
FileLength:4211
FileModTime:1561141592
%EndFont

%BeginFont
Handler:DirectoryHandler
FontType:CMap
CMapName:Adobe-CNS1-5
Registry:Adobe
Ordering:CNS1
OutlineFileName:resource\CMap\Adobe-CNS1-5
FileLength:4211
FileModTime:1561141592
%EndFont

%BeginFont
Handler:DirectoryHandler
FontType:CMap
CMapName:Adobe-CNS1-6
Registry:Adobe
Ordering:CNS1
OutlineFileName:resource\CMap\Adobe-CNS1-6
FileLength:4211
FileModTime:1561141592
%EndFont

%BeginFont
Handler:DirectoryHandler
FontType:CMap
CMapName:Adobe-CNS1-B5pc
Registry:Adobe
Ordering:Adobe_CNS1_B5pc
OutlineFileName:resource\CMap\Adobe-CNS1-B5pc
FileLength:7594
FileModTime:1561141592
%EndFont

%BeginFont
Handler:DirectoryHandler
FontType:CMap
CMapName:Adobe-CNS1-ETenms-B5
Registry:Adobe
Ordering:Adobe_CNS1_ETenms_B5
OutlineFileName:resource\CMap\Adobe-CNS1-ETen-B5
FileLength:7995
FileModTime:1561141592
%EndFont

%BeginFont
Handler:DirectoryHandler
FontType:CMap
CMapName:Adobe-CNS1-H-CID
Registry:Adobe
Ordering:Adobe_CNS1_H_CID
OutlineFileName:resource\CMap\Adobe-CNS1-H-CID
FileLength:1888
FileModTime:1561141592
%EndFont

%BeginFont
Handler:DirectoryHandler
FontType:CMap
CMapName:Adobe-CNS1-H-Host
Registry:Adobe
Ordering:Adobe_CNS1_H_Host
OutlineFileName:resource\CMap\Adobe-CNS1-H-Host
FileLength:8103
FileModTime:1561141592
%EndFont

%BeginFont
Handler:DirectoryHandler
FontType:CMap
CMapName:Adobe-CNS1-H-Mac
Registry:Adobe
Ordering:Adobe_CNS1_H_Mac
OutlineFileName:resource\CMap\Adobe-CNS1-H-Mac
FileLength:7659
FileModTime:1561141592
%EndFont

%BeginFont
Handler:DirectoryHandler
FontType:CMap
CMapName:Adobe-CNS1-UCS2
Registry:Adobe
Ordering:Adobe_CNS1_UCS2
OutlineFileName:resource\CMap\Adobe-CNS1-UCS2
FileLength:263610
FileModTime:1561141592
%EndFont

%BeginFont
Handler:DirectoryHandler
FontType:CMap
CMapName:Adobe-GB1-0
Registry:Adobe
Ordering:GB1
OutlineFileName:resource\CMap\Adobe-GB1-0
FileLength:3361
FileModTime:1561141592
%EndFont

%BeginFont
Handler:DirectoryHandler
FontType:CMap
CMapName:Adobe-GB1-1
Registry:Adobe
Ordering:GB1
OutlineFileName:resource\CMap\Adobe-GB1-1
FileLength:3515
FileModTime:1561141592
%EndFont

%BeginFont
Handler:DirectoryHandler
FontType:CMap
CMapName:Adobe-GB1-2
Registry:Adobe
Ordering:GB1
OutlineFileName:resource\CMap\Adobe-GB1-2
FileLength:4469
FileModTime:1561141592
%EndFont

%BeginFont
Handler:DirectoryHandler
FontType:CMap
CMapName:Adobe-GB1-3
Registry:Adobe
Ordering:GB1
OutlineFileName:resource\CMap\Adobe-GB1-3
FileLength:4468
FileModTime:1561141592
%EndFont

%BeginFont
Handler:DirectoryHandler
FontType:CMap
CMapName:Adobe-GB1-4
Registry:Adobe
Ordering:GB1
OutlineFileName:resource\CMap\Adobe-GB1-4
FileLength:5020
FileModTime:1561141592
%EndFont

%BeginFont
Handler:DirectoryHandler
FontType:CMap
CMapName:Adobe-GB1-5
Registry:Adobe
Ordering:GB1
OutlineFileName:resource\CMap\Adobe-GB1-5
FileLength:5120
FileModTime:1561141592
%EndFont

%BeginFont
Handler:DirectoryHandler
FontType:CMap
CMapName:Adobe-GB1-GBK-EUC
Registry:Adobe
Ordering:Adobe_GB1_GBK_EUC
OutlineFileName:resource\CMap\Adobe-GB1-GBK-EUC
FileLength:89504
FileModTime:1561141592
%EndFont

%BeginFont
Handler:DirectoryHandler
FontType:CMap
CMapName:Adobe-GB1-GBpc-EUC
Registry:Adobe
Ordering:Adobe_GB1_GBpc_EUC
OutlineFileName:resource\CMap\Adobe-GB1-GBpc-EUC
FileLength:4036
FileModTime:1561141592
%EndFont

%BeginFont
Handler:DirectoryHandler
FontType:CMap
CMapName:Adobe-GB1-H-CID
Registry:Adobe
Ordering:Adobe_GB1_H_CID
OutlineFileName:resource\CMap\Adobe-GB1-H-CID
FileLength:2003
FileModTime:1561141592
%EndFont

%BeginFont
Handler:DirectoryHandler
FontType:CMap
CMapName:Adobe-GB1-H-Host
Registry:Adobe
Ordering:Adobe_GB1_H_Host
OutlineFileName:resource\CMap\Adobe-GB1-H-Host
FileLength:90082
FileModTime:1561141592
%EndFont

%BeginFont
Handler:DirectoryHandler
FontType:CMap
CMapName:Adobe-GB1-H-Mac
Registry:Adobe
Ordering:Adobe_GB1_H_Mac
OutlineFileName:resource\CMap\Adobe-GB1-H-Mac
FileLength:4017
FileModTime:1561141592
%EndFont

%BeginFont
Handler:DirectoryHandler
FontType:CMap
CMapName:Adobe-GB1-UCS2
Registry:Adobe
Ordering:Adobe_GB1_UCS2
OutlineFileName:resource\CMap\Adobe-GB1-UCS2
FileLength:230377
FileModTime:1561141592
%EndFont

%BeginFont
Handler:DirectoryHandler
FontType:CMap
CMapName:Adobe-Japan1-0
Registry:Adobe
Ordering:Japan1
OutlineFileName:resource\CMap\Adobe-Japan1-0
FileLength:3410
FileModTime:1561141592
%EndFont

%BeginFont
Handler:DirectoryHandler
FontType:CMap
CMapName:Adobe-Japan1-1
Registry:Adobe
Ordering:Japan1
OutlineFileName:resource\CMap\Adobe-Japan1-1
FileLength:3411
FileModTime:1561141592
%EndFont

%BeginFont
Handler:DirectoryHandler
FontType:CMap
CMapName:Adobe-Japan1-2
Registry:Adobe
Ordering:Japan1
OutlineFileName:resource\CMap\Adobe-Japan1-2
FileLength:3449
FileModTime:1561141592
%EndFont

%BeginFont
Handler:DirectoryHandler
FontType:CMap
CMapName:Adobe-Japan1-3
Registry:Adobe
Ordering:Japan1
OutlineFileName:resource\CMap\Adobe-Japan1-3
FileLength:3459
FileModTime:1561141592
%EndFont

%BeginFont
Handler:DirectoryHandler
FontType:CMap
CMapName:Adobe-Japan1-4
Registry:Adobe
Ordering:Japan1
OutlineFileName:resource\CMap\Adobe-Japan1-4
FileLength:3937
FileModTime:1561141592
%EndFont

%BeginFont
Handler:DirectoryHandler
FontType:CMap
CMapName:Adobe-Japan1-5
Registry:Adobe
Ordering:Japan1
OutlineFileName:resource\CMap\Adobe-Japan1-5
FileLength:4317
FileModTime:1561141592
%EndFont

%BeginFont
Handler:DirectoryHandler
FontType:CMap
CMapName:Adobe-Japan1-6
Registry:Adobe
Ordering:Japan1
OutlineFileName:resource\CMap\Adobe-Japan1-6
FileLength:4537
FileModTime:1561141592
%EndFont

%BeginFont
Handler:DirectoryHandler
FontType:CMap
CMapName:Adobe-Japan1-90ms-RKSJ
Registry:Adobe
Ordering:Adobe_Japan1_90ms_RKSJ
OutlineFileName:resource\CMap\Adobe-Japan1-90ms-RKSJ
FileLength:6069
FileModTime:1561141592
%EndFont

%BeginFont
Handler:DirectoryHandler
FontType:CMap
CMapName:Adobe-Japan1-90pv-RKSJ
Registry:Adobe
Ordering:Adobe_Japan1_90pv_RKSJ
OutlineFileName:resource\CMap\Adobe-Japan1-90pv-RKSJ
FileLength:8060
FileModTime:1561141592
%EndFont

%BeginFont
Handler:DirectoryHandler
FontType:CMap
CMapName:Adobe-Japan1-H-CID
Registry:Adobe
Ordering:Adobe_Japan1_H_CID
OutlineFileName:resource\CMap\Adobe-Japan1-H-CID
FileLength:2187
FileModTime:1561141592
%EndFont

%BeginFont
Handler:DirectoryHandler
FontType:CMap
CMapName:Adobe-Japan1-H-Host
Registry:Adobe
Ordering:Adobe_Japan1_H_Host
OutlineFileName:resource\CMap\Adobe-Japan1-H-Host
FileLength:6320
FileModTime:1561141592
%EndFont

%BeginFont
Handler:DirectoryHandler
FontType:CMap
CMapName:Adobe-Japan1-H-Mac
Registry:Adobe
Ordering:Adobe_Japan1_H_Mac
OutlineFileName:resource\CMap\Adobe-Japan1-H-Mac
FileLength:5246
FileModTime:1561141592
%EndFont

%BeginFont
Handler:DirectoryHandler
FontType:CMap
CMapName:Adobe-Japan1-PS-H
Registry:Adobe
Ordering:Adobe_Japan1_PS_H
OutlineFileName:resource\CMap\Adobe-Japan1-PS-H
FileLength:21967
FileModTime:1561141592
%EndFont

%BeginFont
Handler:DirectoryHandler
FontType:CMap
CMapName:Adobe-Japan1-PS-V
Registry:Adobe
Ordering:Adobe_Japan1_PS_V
OutlineFileName:resource\CMap\Adobe-Japan1-PS-V
FileLength:12747
FileModTime:1561141592
%EndFont

%BeginFont
Handler:DirectoryHandler
FontType:CMap
CMapName:Adobe-Japan1-UCS2
Registry:Adobe
Ordering:Adobe_Japan1_UCS2
OutlineFileName:resource\CMap\Adobe-Japan1-UCS2
FileLength:282588
FileModTime:1561141592
%EndFont

%BeginFont
Handler:DirectoryHandler
FontType:CMap
CMapName:Adobe-Japan2-0
Registry:Adobe
Ordering:Japan2
OutlineFileName:resource\CMap\Adobe-Japan2-0
FileLength:3237
FileModTime:1561141592
%EndFont

%BeginFont
Handler:DirectoryHandler
FontType:CMap
CMapName:Adobe-Korea1-0
Registry:Adobe
Ordering:Korea1
OutlineFileName:resource\CMap\Adobe-Korea1-0
FileLength:3502
FileModTime:1561141592
%EndFont

%BeginFont
Handler:DirectoryHandler
FontType:CMap
CMapName:Adobe-Korea1-1
Registry:Adobe
Ordering:Korea1
OutlineFileName:resource\CMap\Adobe-Korea1-1
FileLength:4158
FileModTime:1561141592
%EndFont

%BeginFont
Handler:DirectoryHandler
FontType:CMap
CMapName:Adobe-Korea1-2
Registry:Adobe
Ordering:Korea1
OutlineFileName:resource\CMap\Adobe-Korea1-2
FileLength:4157
FileModTime:1561141592
%EndFont

%BeginFont
Handler:DirectoryHandler
FontType:CMap
CMapName:Adobe-Korea1-H-CID
Registry:Adobe
Ordering:Adobe_Korea1_H_CID
OutlineFileName:resource\CMap\Adobe-Korea1-H-CID
FileLength:1572
FileModTime:1561141592
%EndFont

%BeginFont
Handler:DirectoryHandler
FontType:CMap
CMapName:Adobe-Korea1-H-Host
Registry:Adobe
Ordering:Adobe_Korea1_H_Host
OutlineFileName:resource\CMap\Adobe-Korea1-H-Host
FileLength:15333
FileModTime:1561141592
%EndFont

%BeginFont
Handler:DirectoryHandler
FontType:CMap
CMapName:Adobe-Korea1-H-Mac
Registry:Adobe
Ordering:Adobe_Korea1_H_Mac
OutlineFileName:resource\CMap\Adobe-Korea1-H-Mac
FileLength:10901
FileModTime:1561141592
%EndFont

%BeginFont
Handler:DirectoryHandler
FontType:CMap
CMapName:Adobe-Korea1-KSCms-UHC
Registry:Adobe
Ordering:Adobe_Korea1_KSCms_UHC
OutlineFileName:resource\CMap\Adobe-Korea1-KSCms-UHC
FileLength:15138
FileModTime:1561141592
%EndFont

%BeginFont
Handler:DirectoryHandler
FontType:CMap
CMapName:Adobe-Korea1-KSCpc-EUC
Registry:Adobe
Ordering:Adobe_Korea1_KSCpc_EUC
OutlineFileName:resource\CMap\Adobe-Korea1-KSCpc-EUC
FileLength:10985
FileModTime:1561141592
%EndFont

%BeginFont
Handler:DirectoryHandler
FontType:CMap
CMapName:Adobe-Korea1-UCS2
Registry:Adobe
Ordering:Adobe_Korea1_UCS2
OutlineFileName:resource\CMap\Adobe-Korea1-UCS2
FileLength:145344
FileModTime:1561141592
%EndFont

%BeginFont
Handler:DirectoryHandler
FontType:CMap
CMapName:B5-H
Registry:Adobe
Ordering:CNS1
OutlineFileName:resource\CMap\B5-H
FileLength:7562
FileModTime:1561141592
%EndFont

%BeginFont
Handler:DirectoryHandler
FontType:CMap
CMapName:B5-V
Registry:Adobe
Ordering:CNS1
UseCMap:B5-H
OutlineFileName:resource\CMap\B5-V
FileLength:2993
FileModTime:1561141592
%EndFont

%BeginFont
Handler:DirectoryHandler
FontType:CMap
CMapName:B5pc-H
Registry:Adobe
Ordering:CNS1
OutlineFileName:resource\CMap\B5pc-H
FileLength:7616
FileModTime:1561141592
%EndFont

%BeginFont
Handler:DirectoryHandler
FontType:CMap
CMapName:B5pc-UCS2
Registry:Adobe
Ordering:B5pc_UCS2
UseCMap:B5pc-UCS2C
OutlineFileName:resource\CMap\B5pc-UCS2
FileLength:1180
FileModTime:1561141592
%EndFont

%BeginFont
Handler:DirectoryHandler
FontType:CMap
CMapName:B5pc-UCS2C
Registry:Adobe
Ordering:B5pc_UCS2C
OutlineFileName:resource\CMap\B5pc-UCS2C
FileLength:271478
FileModTime:1561141592
%EndFont

%BeginFont
Handler:DirectoryHandler
FontType:CMap
CMapName:B5pc-V
Registry:Adobe
Ordering:CNS1
UseCMap:B5pc-H
OutlineFileName:resource\CMap\B5pc-V
FileLength:3005
FileModTime:1561141592
%EndFont

%BeginFont
Handler:DirectoryHandler
FontType:CMap
CMapName:CNS-EUC-H
Registry:Adobe
Ordering:CNS1
OutlineFileName:resource\CMap\CNS-EUC-H
FileLength:12315
FileModTime:1561141592
%EndFont

%BeginFont
Handler:DirectoryHandler
FontType:CMap
CMapName:CNS-EUC-V
Registry:Adobe
Ordering:CNS1
OutlineFileName:resource\CMap\CNS-EUC-V
FileLength:13347
FileModTime:1561141592
%EndFont

%BeginFont
Handler:DirectoryHandler
FontType:CMap
CMapName:CNS1-H
Registry:Adobe
Ordering:CNS1
OutlineFileName:resource\CMap\CNS1-H
FileLength:5680
FileModTime:1561141592
%EndFont

%BeginFont
Handler:DirectoryHandler
FontType:CMap
CMapName:CNS1-V
Registry:Adobe
Ordering:CNS1
UseCMap:CNS1-H
OutlineFileName:resource\CMap\CNS1-V
FileLength:3001
FileModTime:1561141592
%EndFont

%BeginFont
Handler:DirectoryHandler
FontType:CMap
CMapName:CNS2-H
Registry:Adobe
Ordering:CNS1
OutlineFileName:resource\CMap\CNS2-H
FileLength:4344
FileModTime:1561141592
%EndFont

%BeginFont
Handler:DirectoryHandler
FontType:CMap
CMapName:CNS2-V
Registry:Adobe
Ordering:CNS1
UseCMap:CNS2-H
OutlineFileName:resource\CMap\CNS2-V
FileLength:2752
FileModTime:1561141592
%EndFont

%BeginFont
Handler:DirectoryHandler
FontType:CMap
CMapName:ETen-B5-H
Registry:Adobe
Ordering:CNS1
OutlineFileName:resource\CMap\ETen-B5-H
FileLength:7772
FileModTime:1561141592
%EndFont

%BeginFont
Handler:DirectoryHandler
FontType:CMap
CMapName:ETen-B5-UCS2
Registry:Adobe
Ordering:ETen_B5_UCS2
OutlineFileName:resource\CMap\ETen-B5-UCS2
FileLength:275158
FileModTime:1561141592
%EndFont

%BeginFont
Handler:DirectoryHandler
FontType:CMap
CMapName:ETen-B5-V
Registry:Adobe
Ordering:CNS1
UseCMap:ETen-B5-H
OutlineFileName:resource\CMap\ETen-B5-V
FileLength:3043
FileModTime:1561141592
%EndFont

%BeginFont
Handler:DirectoryHandler
FontType:CMap
CMapName:ETenms-B5-H
Registry:Adobe
Ordering:CNS1
UseCMap:ETen-B5-H
OutlineFileName:resource\CMap\ETenms-B5-H
FileLength:2798
FileModTime:1561141592
%EndFont

%BeginFont
Handler:DirectoryHandler
FontType:CMap
CMapName:ETenms-B5-V
Registry:Adobe
Ordering:CNS1
UseCMap:ETenms-B5-H
OutlineFileName:resource\CMap\ETenms-B5-V
FileLength:3110
FileModTime:1561141592
%EndFont

%BeginFont
Handler:DirectoryHandler
FontType:CMap
CMapName:ETHK-B5-H
Registry:Adobe
Ordering:CNS1
OutlineFileName:resource\CMap\ETHK-B5-H
FileLength:23271
FileModTime:1561141592
%EndFont

%BeginFont
Handler:DirectoryHandler
FontType:CMap
CMapName:ETHK-B5-V
Registry:Adobe
Ordering:CNS1
UseCMap:ETHK-B5-H
OutlineFileName:resource\CMap\ETHK-B5-V
FileLength:3024
FileModTime:1561141592
%EndFont

%BeginFont
Handler:DirectoryHandler
FontType:CMap
CMapName:EUC-H
Registry:Adobe
Ordering:Japan1
OutlineFileName:resource\CMap\EUC-H
FileLength:5144
FileModTime:1561141592
%EndFont

%BeginFont
Handler:DirectoryHandler
FontType:CMap
CMapName:EUC-V
Registry:Adobe
Ordering:Japan1
UseCMap:EUC-H
OutlineFileName:resource\CMap\EUC-V
FileLength:3292
FileModTime:1561141592
%EndFont

%BeginFont
Handler:DirectoryHandler
FontType:CMap
CMapName:Ext-H
Registry:Adobe
Ordering:Japan1
OutlineFileName:resource\CMap\Ext-H
FileLength:15493
FileModTime:1561141592
%EndFont

%BeginFont
Handler:DirectoryHandler
FontType:CMap
CMapName:Ext-RKSJ-H
Registry:Adobe
Ordering:Japan1
OutlineFileName:resource\CMap\Ext-RKSJ-H
FileLength:15676
FileModTime:1561141592
%EndFont

%BeginFont
Handler:DirectoryHandler
FontType:CMap
CMapName:Ext-RKSJ-V
Registry:Adobe
Ordering:Japan1
UseCMap:Ext-RKSJ-H
OutlineFileName:resource\CMap\Ext-RKSJ-V
FileLength:3550
FileModTime:1561141592
%EndFont

%BeginFont
Handler:DirectoryHandler
FontType:CMap
CMapName:Ext-V
Registry:Adobe
Ordering:Japan1
UseCMap:Ext-H
OutlineFileName:resource\CMap\Ext-V
FileLength:3520
FileModTime:1561141592
%EndFont

%BeginFont
Handler:DirectoryHandler
FontType:CMap
CMapName:GB-EUC-H
Registry:Adobe
Ordering:GB1
OutlineFileName:resource\CMap\GB-EUC-H
FileLength:4496
FileModTime:1561141592
%EndFont

%BeginFont
Handler:DirectoryHandler
FontType:CMap
CMapName:GB-EUC-V
Registry:Adobe
Ordering:GB1
UseCMap:GB-EUC-H
OutlineFileName:resource\CMap\GB-EUC-V
FileLength:3169
FileModTime:1561141592
%EndFont

%BeginFont
Handler:DirectoryHandler
FontType:CMap
CMapName:GB-H
Registry:Adobe
Ordering:GB1
OutlineFileName:resource\CMap\GB-H
FileLength:4391
FileModTime:1561141592
%EndFont

%BeginFont
Handler:DirectoryHandler
FontType:CMap
CMapName:GB-V
Registry:Adobe
Ordering:GB1
UseCMap:GB-H
OutlineFileName:resource\CMap\GB-V
FileLength:3145
FileModTime:1561141592
%EndFont

%BeginFont
Handler:DirectoryHandler
FontType:CMap
CMapName:GBK-EUC-H
Registry:Adobe
Ordering:GB1
OutlineFileName:resource\CMap\GBK-EUC-H
FileLength:83171
FileModTime:1561141592
%EndFont

%BeginFont
Handler:DirectoryHandler
FontType:CMap
CMapName:GBK-EUC-UCS2
Registry:Adobe
Ordering:GBK_EUC_UCS2
OutlineFileName:resource\CMap\GBK-EUC-UCS2
FileLength:222780
FileModTime:1561141592
%EndFont

%BeginFont
Handler:DirectoryHandler
FontType:CMap
CMapName:GBK-EUC-V
Registry:Adobe
Ordering:GB1
UseCMap:GBK-EUC-H
OutlineFileName:resource\CMap\GBK-EUC-V
FileLength:3158
FileModTime:1561141592
%EndFont

%BeginFont
Handler:DirectoryHandler
FontType:CMap
CMapName:GBK2K-H
Registry:Adobe
Ordering:GB1
OutlineFileName:resource\CMap\GBK2K-H
FileLength:90995
FileModTime:1561141592
%EndFont

%BeginFont
Handler:DirectoryHandler
FontType:CMap
CMapName:GBK2K-V
Registry:Adobe
Ordering:GB1
UseCMap:GBK2K-H
OutlineFileName:resource\CMap\GBK2K-V
FileLength:3551
FileModTime:1561141592
%EndFont

%BeginFont
Handler:DirectoryHandler
FontType:CMap
CMapName:GBKp-EUC-H
Registry:Adobe
Ordering:GB1
OutlineFileName:resource\CMap\GBKp-EUC-H
FileLength:83152
FileModTime:1561141592
%EndFont

%BeginFont
Handler:DirectoryHandler
FontType:CMap
CMapName:GBKp-EUC-V
Registry:Adobe
Ordering:GB1
UseCMap:GBKp-EUC-H
OutlineFileName:resource\CMap\GBKp-EUC-V
FileLength:3164
FileModTime:1561141592
%EndFont

%BeginFont
Handler:DirectoryHandler
FontType:CMap
CMapName:GBpc-EUC-H
Registry:Adobe
Ordering:GB1
OutlineFileName:resource\CMap\GBpc-EUC-H
FileLength:4524
FileModTime:1561141592
%EndFont

%BeginFont
Handler:DirectoryHandler
FontType:CMap
CMapName:GBpc-EUC-UCS2
Registry:Adobe
Ordering:GBpc_EUC_UCS2
UseCMap:GBpc-EUC-UCS2C
OutlineFileName:resource\CMap\GBpc-EUC-UCS2
FileLength:1262
FileModTime:1561141592
%EndFont

%BeginFont
Handler:DirectoryHandler
FontType:CMap
CMapName:GBpc-EUC-UCS2C
Registry:Adobe
Ordering:GBpc_EUC_UCS2C
OutlineFileName:resource\CMap\GBpc-EUC-UCS2C
FileLength:141289
FileModTime:1561141592
%EndFont

%BeginFont
Handler:DirectoryHandler
FontType:CMap
CMapName:GBpc-EUC-V
Registry:Adobe
Ordering:GB1
UseCMap:GBpc-EUC-H
OutlineFileName:resource\CMap\GBpc-EUC-V
FileLength:3181
FileModTime:1561141592
%EndFont

%BeginFont
Handler:DirectoryHandler
FontType:CMap
CMapName:GBT-EUC-H
Registry:Adobe
Ordering:GB1
OutlineFileName:resource\CMap\GBT-EUC-H
FileLength:46842
FileModTime:1561141592
%EndFont

%BeginFont
Handler:DirectoryHandler
FontType:CMap
CMapName:GBT-EUC-V
Registry:Adobe
Ordering:GB1
UseCMap:GBT-EUC-H
OutlineFileName:resource\CMap\GBT-EUC-V
FileLength:3177
FileModTime:1561141592
%EndFont

%BeginFont
Handler:DirectoryHandler
FontType:CMap
CMapName:GBT-H
Registry:Adobe
Ordering:GB1
OutlineFileName:resource\CMap\GBT-H
FileLength:46737
FileModTime:1561141592
%EndFont

%BeginFont
Handler:DirectoryHandler
FontType:CMap
CMapName:GBT-V
Registry:Adobe
Ordering:GB1
UseCMap:GBT-H
OutlineFileName:resource\CMap\GBT-V
FileLength:3153
FileModTime:1561141592
%EndFont

%BeginFont
Handler:DirectoryHandler
FontType:CMap
CMapName:GBTpc-EUC-H
Registry:Adobe
Ordering:GB1
OutlineFileName:resource\CMap\GBTpc-EUC-H
FileLength:46872
FileModTime:1561141592
%EndFont

%BeginFont
Handler:DirectoryHandler
FontType:CMap
CMapName:GBTpc-EUC-V
Registry:Adobe
Ordering:GB1
UseCMap:GBTpc-EUC-H
OutlineFileName:resource\CMap\GBTpc-EUC-V
FileLength:3189
FileModTime:1561141592
%EndFont

%BeginFont
Handler:DirectoryHandler
FontType:CMap
CMapName:H
Registry:Adobe
Ordering:Japan1
OutlineFileName:resource\CMap\H
FileLength:5010
FileModTime:1561141592
%EndFont

%BeginFont
Handler:DirectoryHandler
FontType:CMap
CMapName:Hankaku
Registry:Adobe
Ordering:Japan1
OutlineFileName:resource\CMap\Hankaku
FileLength:2890
FileModTime:1561141592
%EndFont

%BeginFont
Handler:DirectoryHandler
FontType:CMap
CMapName:Hiragana
Registry:Adobe
Ordering:Japan1
OutlineFileName:resource\CMap\Hiragana
FileLength:2864
FileModTime:1561141592
%EndFont

%BeginFont
Handler:DirectoryHandler
FontType:CMap
CMapName:HKdla-B5-H
Registry:Adobe
Ordering:CNS1
OutlineFileName:resource\CMap\HKdla-B5-H
FileLength:23337
FileModTime:1561141592
%EndFont

%BeginFont
Handler:DirectoryHandler
FontType:CMap
CMapName:HKdla-B5-V
Registry:Adobe
Ordering:CNS1
UseCMap:HKdla-B5-H
OutlineFileName:resource\CMap\HKdla-B5-V
FileLength:3010
FileModTime:1561141592
%EndFont

%BeginFont
Handler:DirectoryHandler
FontType:CMap
CMapName:HKdlb-B5-H
Registry:Adobe
Ordering:CNS1
OutlineFileName:resource\CMap\HKdlb-B5-H
FileLength:20997
FileModTime:1561141592
%EndFont

%BeginFont
Handler:DirectoryHandler
FontType:CMap
CMapName:HKdlb-B5-V
Registry:Adobe
Ordering:CNS1
UseCMap:HKdlb-B5-H
OutlineFileName:resource\CMap\HKdlb-B5-V
FileLength:3010
FileModTime:1561141592
%EndFont

%BeginFont
Handler:DirectoryHandler
FontType:CMap
CMapName:HKgccs-B5-H
Registry:Adobe
Ordering:CNS1
OutlineFileName:resource\CMap\HKgccs-B5-H
FileLength:13793
FileModTime:1561141592
%EndFont

%BeginFont
Handler:DirectoryHandler
FontType:CMap
CMapName:HKgccs-B5-V
Registry:Adobe
Ordering:CNS1
UseCMap:HKgccs-B5-H
OutlineFileName:resource\CMap\HKgccs-B5-V
FileLength:3016
FileModTime:1561141592
%EndFont

%BeginFont
Handler:DirectoryHandler
FontType:CMap
CMapName:HKm314-B5-H
Registry:Adobe
Ordering:CNS1
OutlineFileName:resource\CMap\HKm314-B5-H
FileLength:13606
FileModTime:1561141592
%EndFont

%BeginFont
Handler:DirectoryHandler
FontType:CMap
CMapName:HKm314-B5-V
Registry:Adobe
Ordering:CNS1
UseCMap:HKm314-B5-H
OutlineFileName:resource\CMap\HKm314-B5-V
FileLength:3016
FileModTime:1561141592
%EndFont

%BeginFont
Handler:DirectoryHandler
FontType:CMap
CMapName:HKm471-B5-H
Registry:Adobe
Ordering:CNS1
OutlineFileName:resource\CMap\HKm471-B5-H
FileLength:16576
FileModTime:1561141592
%EndFont

%BeginFont
Handler:DirectoryHandler
FontType:CMap
CMapName:HKm471-B5-V
Registry:Adobe
Ordering:CNS1
UseCMap:HKm471-B5-H
OutlineFileName:resource\CMap\HKm471-B5-V
FileLength:3016
FileModTime:1561141592
%EndFont

%BeginFont
Handler:DirectoryHandler
FontType:CMap
CMapName:HKscs-B5-H
Registry:Adobe
Ordering:CNS1
OutlineFileName:resource\CMap\HKscs-B5-H
FileLength:23322
FileModTime:1561141592
%EndFont

%BeginFont
Handler:DirectoryHandler
FontType:CMap
CMapName:HKscs-B5-V
Registry:Adobe
Ordering:CNS1
UseCMap:HKscs-B5-H
OutlineFileName:resource\CMap\HKscs-B5-V
FileLength:3030
FileModTime:1561141592
%EndFont

%BeginFont
Handler:DirectoryHandler
FontType:CMap
CMapName:Hojo-EUC-H
Registry:Adobe
Ordering:Japan2
OutlineFileName:resource\CMap\Hojo-EUC-H
FileLength:4695
FileModTime:1561141592
%EndFont

%BeginFont
Handler:DirectoryHandler
FontType:CMap
CMapName:Hojo-EUC-V
Registry:Adobe
Ordering:Japan2
UseCMap:Hojo-EUC-H
OutlineFileName:resource\CMap\Hojo-EUC-V
FileLength:2778
FileModTime:1561141592
%EndFont

%BeginFont
Handler:DirectoryHandler
FontType:CMap
CMapName:Hojo-H
Registry:Adobe
Ordering:Japan2
OutlineFileName:resource\CMap\Hojo-H
FileLength:4345
FileModTime:1561141592
%EndFont

%BeginFont
Handler:DirectoryHandler
FontType:CMap
CMapName:Hojo-V
Registry:Adobe
Ordering:Japan2
UseCMap:Hojo-H
OutlineFileName:resource\CMap\Hojo-V
FileLength:2754
FileModTime:1561141592
%EndFont

%BeginFont
Handler:DirectoryHandler
FontType:CMap
CMapName:Identity-H
Registry:Adobe
Ordering:Identity
OutlineFileName:resource\CMap\Identity-H
FileLength:7889
FileModTime:1561141592
%EndFont

%BeginFont
Handler:DirectoryHandler
FontType:CMap
CMapName:Identity-V
Registry:Adobe
Ordering:Identity
UseCMap:Identity-H
OutlineFileName:resource\CMap\Identity-V
FileLength:2688
FileModTime:1561141592
%EndFont

%BeginFont
Handler:DirectoryHandler
FontType:CMap
CMapName:Katakana
Registry:Adobe
Ordering:Japan1
OutlineFileName:resource\CMap\Katakana
FileLength:2780
FileModTime:1561141592
%EndFont

%BeginFont
Handler:DirectoryHandler
FontType:CMap
CMapName:KSC-EUC-H
Registry:Adobe
Ordering:Korea1
OutlineFileName:resource\CMap\KSC-EUC-H
FileLength:11797
FileModTime:1561141592
%EndFont

%BeginFont
Handler:DirectoryHandler
FontType:CMap
CMapName:KSC-EUC-V
Registry:Adobe
Ordering:Korea1
UseCMap:KSC-EUC-H
OutlineFileName:resource\CMap\KSC-EUC-V
FileLength:3105
FileModTime:1561141592
%EndFont

%BeginFont
Handler:DirectoryHandler
FontType:CMap
CMapName:KSC-H
Registry:Adobe
Ordering:Korea1
OutlineFileName:resource\CMap\KSC-H
FileLength:11706
FileModTime:1561141592
%EndFont

%BeginFont
Handler:DirectoryHandler
FontType:CMap
CMapName:KSC-Johab-H
Registry:Adobe
Ordering:Korea1
OutlineFileName:resource\CMap\KSC-Johab-H
FileLength:84319
FileModTime:1561141592
%EndFont

%BeginFont
Handler:DirectoryHandler
FontType:CMap
CMapName:KSC-Johab-V
Registry:Adobe
Ordering:Korea1
UseCMap:KSC-Johab-H
OutlineFileName:resource\CMap\KSC-Johab-V
FileLength:3119
FileModTime:1561141592
%EndFont

%BeginFont
Handler:DirectoryHandler
FontType:CMap
CMapName:KSC-V
Registry:Adobe
Ordering:Korea1
UseCMap:KSC-H
OutlineFileName:resource\CMap\KSC-V
FileLength:3081
FileModTime:1561141592
%EndFont

%BeginFont
Handler:DirectoryHandler
FontType:CMap
CMapName:KSCms-UHC-H
Registry:Adobe
Ordering:Korea1
OutlineFileName:resource\CMap\KSCms-UHC-H
FileLength:16009
FileModTime:1561141592
%EndFont

%BeginFont
Handler:DirectoryHandler
FontType:CMap
CMapName:KSCms-UHC-HW-H
Registry:Adobe
Ordering:Korea1
OutlineFileName:resource\CMap\KSCms-UHC-HW-H
FileLength:16005
FileModTime:1561141592
%EndFont

%BeginFont
Handler:DirectoryHandler
FontType:CMap
CMapName:KSCms-UHC-HW-V
Registry:Adobe
Ordering:Korea1
UseCMap:KSCms-UHC-HW-H
OutlineFileName:resource\CMap\KSCms-UHC-HW-V
FileLength:3118
FileModTime:1561141592
%EndFont

%BeginFont
Handler:DirectoryHandler
FontType:CMap
CMapName:KSCms-UHC-UCS2
Registry:Adobe
Ordering:KSCms_UHC_UCS2
OutlineFileName:resource\CMap\KSCms-UHC-UCS2
FileLength:181093
FileModTime:1561141592
%EndFont

%BeginFont
Handler:DirectoryHandler
FontType:CMap
CMapName:KSCms-UHC-V
Registry:Adobe
Ordering:Korea1
UseCMap:KSCms-UHC-H
OutlineFileName:resource\CMap\KSCms-UHC-V
FileLength:3119
FileModTime:1561141592
%EndFont

%BeginFont
Handler:DirectoryHandler
FontType:CMap
CMapName:KSCpc-EUC-H
Registry:Adobe
Ordering:Korea1
OutlineFileName:resource\CMap\KSCpc-EUC-H
FileLength:12624
FileModTime:1561141592
%EndFont

%BeginFont
Handler:DirectoryHandler
FontType:CMap
CMapName:KSCpc-EUC-UCS2
Registry:Adobe
Ordering:KSCpc_EUC_UCS2
UseCMap:KSCpc-EUC-UCS2C
OutlineFileName:resource\CMap\KSCpc-EUC-UCS2
FileLength:15733
FileModTime:1561141592
%EndFont

%BeginFont
Handler:DirectoryHandler
FontType:CMap
CMapName:KSCpc-EUC-UCS2C
Registry:Adobe
Ordering:KSCpc_EUC_UCS2C
OutlineFileName:resource\CMap\KSCpc-EUC-UCS2C
FileLength:149594
FileModTime:1561141592
%EndFont

%BeginFont
Handler:DirectoryHandler
FontType:CMap
CMapName:KSCpc-EUC-V
Registry:Adobe
Ordering:Korea1
UseCMap:KSCpc-EUC-H
OutlineFileName:resource\CMap\KSCpc-EUC-V
FileLength:3117
FileModTime:1561141592
%EndFont

%BeginFont
Handler:DirectoryHandler
FontType:CMap
CMapName:NWP-H
Registry:Adobe
Ordering:Japan1
OutlineFileName:resource\CMap\NWP-H
FileLength:17367
FileModTime:1561141592
%EndFont

%BeginFont
Handler:DirectoryHandler
FontType:CMap
CMapName:NWP-V
Registry:Adobe
Ordering:Japan1
UseCMap:NWP-H
OutlineFileName:resource\CMap\NWP-V
FileLength:3672
FileModTime:1561141592
%EndFont

%BeginFont
Handler:DirectoryHandler
FontType:CMap
CMapName:RKSJ-H
Registry:Adobe
Ordering:Japan1
OutlineFileName:resource\CMap\RKSJ-H
FileLength:5193
FileModTime:1561141592
%EndFont

%BeginFont
Handler:DirectoryHandler
FontType:CMap
CMapName:RKSJ-V
Registry:Adobe
Ordering:Japan1
UseCMap:RKSJ-H
OutlineFileName:resource\CMap\RKSJ-V
FileLength:3298
FileModTime:1561141592
%EndFont

%BeginFont
Handler:DirectoryHandler
FontType:CMap
CMapName:Roman
Registry:Adobe
Ordering:Japan1
OutlineFileName:resource\CMap\Roman
FileLength:2757
FileModTime:1561141592
%EndFont

%BeginFont
Handler:DirectoryHandler
FontType:CMap
CMapName:UCS2-90ms-RKSJ
Registry:Adobe
Ordering:UCS2_90ms_RKSJ
OutlineFileName:resource\CMap\UCS2-90ms-RKSJ
FileLength:148228
FileModTime:1561141592
%EndFont

%BeginFont
Handler:DirectoryHandler
FontType:CMap
CMapName:UCS2-90pv-RKSJ
Registry:Adobe
Ordering:UCS2_90pv_RKSJ
OutlineFileName:resource\CMap\UCS2-90pv-RKSJ
FileLength:141501
FileModTime:1561141592
%EndFont

%BeginFont
Handler:DirectoryHandler
FontType:CMap
CMapName:UCS2-B5pc
Registry:Adobe
Ordering:UCS2_B5pc
OutlineFileName:resource\CMap\UCS2-B5pc
FileLength:271788
FileModTime:1561141592
%EndFont

%BeginFont
Handler:DirectoryHandler
FontType:CMap
CMapName:UCS2-ETen-B5
Registry:Adobe
Ordering:UCS2_ETen_B5
OutlineFileName:resource\CMap\UCS2-ETen-B5
FileLength:285473
FileModTime:1561141592
%EndFont

%BeginFont
Handler:DirectoryHandler
FontType:CMap
CMapName:UCS2-GBK-EUC
Registry:Adobe
Ordering:UCS2_GBK_EUC
OutlineFileName:resource\CMap\UCS2-GBK-EUC
FileLength:232589
FileModTime:1561141592
%EndFont

%BeginFont
Handler:DirectoryHandler
FontType:CMap
CMapName:UCS2-GBpc-EUC
Registry:Adobe
Ordering:UCS2_GBpc_EUC
OutlineFileName:resource\CMap\UCS2-GBpc-EUC
FileLength:188072
FileModTime:1561141592
%EndFont

%BeginFont
Handler:DirectoryHandler
FontType:CMap
CMapName:UCS2-KSCms-UHC
Registry:Adobe
Ordering:UCS2_KCSms_UHC
OutlineFileName:resource\CMap\UCS2-KSCms-UHC
FileLength:187386
FileModTime:1561141592
%EndFont

%BeginFont
Handler:DirectoryHandler
FontType:CMap
CMapName:UCS2-KSCpc-EUC
Registry:Adobe
Ordering:UCS2_KSCpc_EUC
OutlineFileName:resource\CMap\UCS2-KSCpc-EUC
FileLength:146329
FileModTime:1561141592
%EndFont

%BeginFont
Handler:DirectoryHandler
FontType:CMap
CMapName:UniCNS-UCS2-H
Registry:Adobe
Ordering:CNS1
OutlineFileName:resource\CMap\UniCNS-UCS2-H
FileLength:326418
FileModTime:1561141592
%EndFont

%BeginFont
Handler:DirectoryHandler
FontType:CMap
CMapName:UniCNS-UCS2-V
Registry:Adobe
Ordering:CNS1
UseCMap:UniCNS-UCS2-H
OutlineFileName:resource\CMap\UniCNS-UCS2-V
FileLength:3040
FileModTime:1561141592
%EndFont

%BeginFont
Handler:DirectoryHandler
FontType:CMap
CMapName:UniCNS-UTF16-H
Registry:Adobe
Ordering:CNS1
OutlineFileName:resource\CMap\UniCNS-UTF16-H
FileLength:252722
FileModTime:1561141592
%EndFont

%BeginFont
Handler:DirectoryHandler
FontType:CMap
CMapName:UniCNS-UTF16-V
Registry:Adobe
Ordering:CNS1
UseCMap:UniCNS-UTF16-H
OutlineFileName:resource\CMap\UniCNS-UTF16-V
FileLength:3029
FileModTime:1561141592
%EndFont

%BeginFont
Handler:DirectoryHandler
FontType:CMap
CMapName:UniCNS-UTF32-H
Registry:Adobe
Ordering:CNS1
OutlineFileName:resource\CMap\UniCNS-UTF32-H
FileLength:324006
FileModTime:1561141592
%EndFont

%BeginFont
Handler:DirectoryHandler
FontType:CMap
CMapName:UniCNS-UTF32-V
Registry:Adobe
Ordering:CNS1
UseCMap:UniCNS-UTF32-H
OutlineFileName:resource\CMap\UniCNS-UTF32-V
FileLength:3109
FileModTime:1561141592
%EndFont

%BeginFont
Handler:DirectoryHandler
FontType:CMap
CMapName:UniCNS-UTF8-H
Registry:Adobe
Ordering:CNS1
OutlineFileName:resource\CMap\UniCNS-UTF8-H
FileLength:289497
FileModTime:1561141592
%EndFont

%BeginFont
Handler:DirectoryHandler
FontType:CMap
CMapName:UniCNS-UTF8-V
Registry:Adobe
Ordering:CNS1
UseCMap:UniCNS-UTF8-H
OutlineFileName:resource\CMap\UniCNS-UTF8-V
FileLength:3065
FileModTime:1561141592
%EndFont

%BeginFont
Handler:DirectoryHandler
FontType:CMap
CMapName:UniGB-UCS2-H
Registry:Adobe
Ordering:GB1
OutlineFileName:resource\CMap\UniGB-UCS2-H
FileLength:274452
FileModTime:1561141592
%EndFont

%BeginFont
Handler:DirectoryHandler
FontType:CMap
CMapName:UniGB-UCS2-V
Registry:Adobe
Ordering:GB1
UseCMap:UniGB-UCS2-H
OutlineFileName:resource\CMap\UniGB-UCS2-V
FileLength:3236
FileModTime:1561141592
%EndFont

%BeginFont
Handler:DirectoryHandler
FontType:CMap
CMapName:UniGB-UTF16-H
Registry:Adobe
Ordering:GB1
OutlineFileName:resource\CMap\UniGB-UTF16-H
FileLength:199946
FileModTime:1561141592
%EndFont

%BeginFont
Handler:DirectoryHandler
FontType:CMap
CMapName:UniGB-UTF16-V
Registry:Adobe
Ordering:GB1
UseCMap:UniGB-UTF16-H
OutlineFileName:resource\CMap\UniGB-UTF16-V
FileLength:3130
FileModTime:1561141592
%EndFont

%BeginFont
Handler:DirectoryHandler
FontType:CMap
CMapName:UniGB-UTF32-H
Registry:Adobe
Ordering:GB1
OutlineFileName:resource\CMap\UniGB-UTF32-H
FileLength:267834
FileModTime:1561141592
%EndFont

%BeginFont
Handler:DirectoryHandler
FontType:CMap
CMapName:UniGB-UTF32-V
Registry:Adobe
Ordering:GB1
UseCMap:UniGB-UTF32-H
OutlineFileName:resource\CMap\UniGB-UTF32-V
FileLength:3246
FileModTime:1561141592
%EndFont

%BeginFont
Handler:DirectoryHandler
FontType:CMap
CMapName:UniGB-UTF8-H
Registry:Adobe
Ordering:GB1
OutlineFileName:resource\CMap\UniGB-UTF8-H
FileLength:237781
FileModTime:1561141592
%EndFont

%BeginFont
Handler:DirectoryHandler
FontType:CMap
CMapName:UniGB-UTF8-V
Registry:Adobe
Ordering:GB1
UseCMap:UniGB-UTF8-H
OutlineFileName:resource\CMap\UniGB-UTF8-V
FileLength:3184
FileModTime:1561141592
%EndFont

%BeginFont
Handler:DirectoryHandler
FontType:CMap
CMapName:UniHojo-UCS2-H
Registry:Adobe
Ordering:Japan2
OutlineFileName:resource\CMap\UniHojo-UCS2-H
FileLength:83661
FileModTime:1561141592
%EndFont

%BeginFont
Handler:DirectoryHandler
FontType:CMap
CMapName:UniHojo-UCS2-V
Registry:Adobe
Ordering:Japan2
UseCMap:UniHojo-UCS2-H
OutlineFileName:resource\CMap\UniHojo-UCS2-V
FileLength:2783
FileModTime:1561141592
%EndFont

%BeginFont
Handler:DirectoryHandler
FontType:CMap
CMapName:UniHojo-UTF16-H
Registry:Adobe
Ordering:Japan2
OutlineFileName:resource\CMap\UniHojo-UTF16-H
FileLength:63017
FileModTime:1561141592
%EndFont

%BeginFont
Handler:DirectoryHandler
FontType:CMap
CMapName:UniHojo-UTF16-V
Registry:Adobe
Ordering:Japan2
UseCMap:UniHojo-UTF16-H
OutlineFileName:resource\CMap\UniHojo-UTF16-V
FileLength:2789
FileModTime:1561141592
%EndFont

%BeginFont
Handler:DirectoryHandler
FontType:CMap
CMapName:UniHojo-UTF32-H
Registry:Adobe
Ordering:Japan2
OutlineFileName:resource\CMap\UniHojo-UTF32-H
FileLength:84890
FileModTime:1561141592
%EndFont

%BeginFont
Handler:DirectoryHandler
FontType:CMap
CMapName:UniHojo-UTF32-V
Registry:Adobe
Ordering:Japan2
UseCMap:UniHojo-UTF32-H
OutlineFileName:resource\CMap\UniHojo-UTF32-V
FileLength:2789
FileModTime:1561141592
%EndFont

%BeginFont
Handler:DirectoryHandler
FontType:CMap
CMapName:UniHojo-UTF8-H
Registry:Adobe
Ordering:Japan2
OutlineFileName:resource\CMap\UniHojo-UTF8-H
FileLength:73770
FileModTime:1561141592
%EndFont

%BeginFont
Handler:DirectoryHandler
FontType:CMap
CMapName:UniHojo-UTF8-V
Registry:Adobe
Ordering:Japan2
UseCMap:UniHojo-UTF8-H
OutlineFileName:resource\CMap\UniHojo-UTF8-V
FileLength:2785
FileModTime:1561141592
%EndFont

%BeginFont
Handler:DirectoryHandler
FontType:CMap
CMapName:UniJIS-UCS2-H
Registry:Adobe
Ordering:Japan1
OutlineFileName:resource\CMap\UniJIS-UCS2-H
FileLength:168666
FileModTime:1561141592
%EndFont

%BeginFont
Handler:DirectoryHandler
FontType:CMap
CMapName:UniJIS-UCS2-HW-H
Registry:Adobe
Ordering:Japan1
UseCMap:UniJIS-UCS2-H
OutlineFileName:resource\CMap\UniJIS-UCS2-HW-H
FileLength:2889
FileModTime:1561141592
%EndFont

%BeginFont
Handler:DirectoryHandler
FontType:CMap
CMapName:UniJIS-UCS2-HW-V
Registry:Adobe
Ordering:Japan1
UseCMap:UniJIS-UCS2-H
OutlineFileName:resource\CMap\UniJIS-UCS2-HW-V
FileLength:6660
FileModTime:1561141592
%EndFont

%BeginFont
Handler:DirectoryHandler
FontType:CMap
CMapName:UniJIS-UCS2-V
Registry:Adobe
Ordering:Japan1
UseCMap:UniJIS-UCS2-H
OutlineFileName:resource\CMap\UniJIS-UCS2-V
FileLength:6578
FileModTime:1561141592
%EndFont

%BeginFont
Handler:DirectoryHandler
FontType:CMap
CMapName:UniJIS-UTF16-H
Registry:Adobe
Ordering:Japan1
OutlineFileName:resource\CMap\UniJIS-UTF16-H
FileLength:186879
FileModTime:1561141592
%EndFont

%BeginFont
Handler:DirectoryHandler
FontType:CMap
CMapName:UniJIS-UTF16-V
Registry:Adobe
Ordering:Japan1
UseCMap:UniJIS-UTF16-H
OutlineFileName:resource\CMap\UniJIS-UTF16-V
FileLength:5762
FileModTime:1561141592
%EndFont

%BeginFont
Handler:DirectoryHandler
FontType:CMap
CMapName:UniJIS-UTF32-H
Registry:Adobe
Ordering:Japan1
OutlineFileName:resource\CMap\UniJIS-UTF32-H
FileLength:243899
FileModTime:1561141592
%EndFont

%BeginFont
Handler:DirectoryHandler
FontType:CMap
CMapName:UniJIS-UTF32-V
Registry:Adobe
Ordering:Japan1
UseCMap:UniJIS-UTF32-H
OutlineFileName:resource\CMap\UniJIS-UTF32-V
FileLength:6770
FileModTime:1561141592
%EndFont

%BeginFont
Handler:DirectoryHandler
FontType:CMap
CMapName:UniJIS-UTF8-H
Registry:Adobe
Ordering:Japan1
OutlineFileName:resource\CMap\UniJIS-UTF8-H
FileLength:214965
FileModTime:1561141592
%EndFont

%BeginFont
Handler:DirectoryHandler
FontType:CMap
CMapName:UniJIS-UTF8-V
Registry:Adobe
Ordering:Japan1
UseCMap:UniJIS-UTF8-H
OutlineFileName:resource\CMap\UniJIS-UTF8-V
FileLength:6275
FileModTime:1561141592
%EndFont

%BeginFont
Handler:DirectoryHandler
FontType:CMap
CMapName:UniJIS2004-UTF16-H
Registry:Adobe
Ordering:Japan1
OutlineFileName:resource\CMap\UniJIS2004-UTF16-H
FileLength:186959
FileModTime:1561141592
%EndFont

%BeginFont
Handler:DirectoryHandler
FontType:CMap
CMapName:UniJIS2004-UTF16-V
Registry:Adobe
Ordering:Japan1
UseCMap:UniJIS2004-UTF16-H
OutlineFileName:resource\CMap\UniJIS2004-UTF16-V
FileLength:5786
FileModTime:1561141592
%EndFont

%BeginFont
Handler:DirectoryHandler
FontType:CMap
CMapName:UniJIS2004-UTF32-H
Registry:Adobe
Ordering:Japan1
OutlineFileName:resource\CMap\UniJIS2004-UTF32-H
FileLength:243979
FileModTime:1561141592
%EndFont

%BeginFont
Handler:DirectoryHandler
FontType:CMap
CMapName:UniJIS2004-UTF32-V
Registry:Adobe
Ordering:Japan1
UseCMap:UniJIS2004-UTF32-H
OutlineFileName:resource\CMap\UniJIS2004-UTF32-V
FileLength:6794
FileModTime:1561141592
%EndFont

%BeginFont
Handler:DirectoryHandler
FontType:CMap
CMapName:UniJIS2004-UTF8-H
Registry:Adobe
Ordering:Japan1
OutlineFileName:resource\CMap\UniJIS2004-UTF8-H
FileLength:215043
FileModTime:1561141592
%EndFont

%BeginFont
Handler:DirectoryHandler
FontType:CMap
CMapName:UniJIS2004-UTF8-V
Registry:Adobe
Ordering:Japan1
UseCMap:UniJIS2004-UTF8-H
OutlineFileName:resource\CMap\UniJIS2004-UTF8-V
FileLength:6297
FileModTime:1561141592
%EndFont

%BeginFont
Handler:DirectoryHandler
FontType:CMap
CMapName:UniJISB-UCS2-H
Registry:Adobe
Ordering:Japan1
OutlineFileName:resource\CMap\UniJISB-UCS2-H
FileLength:134766
FileModTime:1561141592
%EndFont

%BeginFont
Handler:DirectoryHandler
FontType:CMap
CMapName:UniJISPro-UCS2-HW-V
Registry:Adobe
Ordering:Japan1
UseCMap:UniJIS-UCS2-H
OutlineFileName:resource\CMap\UniJISPro-UCS2-HW-V
FileLength:6798
FileModTime:1561141592
%EndFont

%BeginFont
Handler:DirectoryHandler
FontType:CMap
CMapName:UniJISPro-UCS2-V
Registry:Adobe
Ordering:Japan1
UseCMap:UniJIS-UCS2-H
OutlineFileName:resource\CMap\UniJISPro-UCS2-V
FileLength:6687
FileModTime:1561141592
%EndFont

%BeginFont
Handler:DirectoryHandler
FontType:CMap
CMapName:UniJISPro-UTF8-V
Registry:Adobe
Ordering:Japan1
UseCMap:UniJIS-UTF8-H
OutlineFileName:resource\CMap\UniJISPro-UTF8-V
FileLength:7536
FileModTime:1561141592
%EndFont

%BeginFont
Handler:DirectoryHandler
FontType:CMap
CMapName:UniJISX0213-UTF32-H
Registry:Adobe
Ordering:Japan1
OutlineFileName:resource\CMap\UniJISX0213-UTF32-H
FileLength:243889
FileModTime:1561141592
%EndFont

%BeginFont
Handler:DirectoryHandler
FontType:CMap
CMapName:UniJISX0213-UTF32-V
Registry:Adobe
Ordering:Japan1
UseCMap:UniJISX0213-UTF32-H
OutlineFileName:resource\CMap\UniJISX0213-UTF32-V
FileLength:6821
FileModTime:1561141592
%EndFont

%BeginFont
Handler:DirectoryHandler
FontType:CMap
CMapName:UniJISX02132004-UTF32-H
Registry:Adobe
Ordering:Japan1
OutlineFileName:resource\CMap\UniJISX02132004-UTF32-H
FileLength:243969
FileModTime:1561141592
%EndFont

%BeginFont
Handler:DirectoryHandler
FontType:CMap
CMapName:UniJISX02132004-UTF32-V
Registry:Adobe
Ordering:Japan1
UseCMap:UniJISX02132004-UTF32-H
OutlineFileName:resource\CMap\UniJISX02132004-UTF32-V
FileLength:6845
FileModTime:1561141592
%EndFont

%BeginFont
Handler:DirectoryHandler
FontType:CMap
CMapName:UniKS-UCS2-H
Registry:Adobe
Ordering:Korea1
OutlineFileName:resource\CMap\UniKS-UCS2-H
FileLength:166078
FileModTime:1561141592
%EndFont

%BeginFont
Handler:DirectoryHandler
FontType:CMap
CMapName:UniKS-UCS2-V
Registry:Adobe
Ordering:Korea1
UseCMap:UniKS-UCS2-H
OutlineFileName:resource\CMap\UniKS-UCS2-V
FileLength:3145
FileModTime:1561141592
%EndFont

%BeginFont
Handler:DirectoryHandler
FontType:CMap
CMapName:UniKS-UTF16-H
Registry:Adobe
Ordering:Korea1
OutlineFileName:resource\CMap\UniKS-UTF16-H
FileLength:122974
FileModTime:1561141592
%EndFont

%BeginFont
Handler:DirectoryHandler
FontType:CMap
CMapName:UniKS-UTF16-V
Registry:Adobe
Ordering:Korea1
UseCMap:UniKS-UTF16-H
OutlineFileName:resource\CMap\UniKS-UTF16-V
FileLength:3099
FileModTime:1561141592
%EndFont

%BeginFont
Handler:DirectoryHandler
FontType:CMap
CMapName:UniKS-UTF32-H
Registry:Adobe
Ordering:Korea1
OutlineFileName:resource\CMap\UniKS-UTF32-H
FileLength:165034
FileModTime:1561141592
%EndFont

%BeginFont
Handler:DirectoryHandler
FontType:CMap
CMapName:UniKS-UTF32-V
Registry:Adobe
Ordering:Korea1
UseCMap:UniKS-UTF32-H
OutlineFileName:resource\CMap\UniKS-UTF32-V
FileLength:3199
FileModTime:1561141592
%EndFont

%BeginFont
Handler:DirectoryHandler
FontType:CMap
CMapName:UniKS-UTF8-H
Registry:Adobe
Ordering:Korea1
OutlineFileName:resource\CMap\UniKS-UTF8-H
FileLength:145877
FileModTime:1561141592
%EndFont

%BeginFont
Handler:DirectoryHandler
FontType:CMap
CMapName:UniKS-UTF8-V
Registry:Adobe
Ordering:Korea1
UseCMap:UniKS-UTF8-H
OutlineFileName:resource\CMap\UniKS-UTF8-V
FileLength:3145
FileModTime:1561141592
%EndFont

%BeginFont
Handler:DirectoryHandler
FontType:CMap
CMapName:V
Registry:Adobe
Ordering:Japan1
UseCMap:H
OutlineFileName:resource\CMap\V
FileLength:3268
FileModTime:1561141592
%EndFont

%BeginFont
Handler:DirectoryHandler
FontType:CMap
CMapName:WP-Symbol
Registry:Adobe
Ordering:Japan1
OutlineFileName:resource\CMap\WP-Symbol
FileLength:3162
FileModTime:1561141592
%EndFont

